------------------------------------------------------------
TimeQuest Timing Analyzer Summary
------------------------------------------------------------

Type  : Slow 1100mV 85C Model Setup 'u0|sys_sdram_pll_0|sys_pll|altera_pll_i|general[0].gpll~PLL_OUTPUT_COUNTER|divclk'
Slack : 7.831
TNS   : 0.000

Type  : Slow 1100mV 85C Model Setup 'altera_reserved_tck'
Slack : 10.300
TNS   : 0.000

Type  : Slow 1100mV 85C Model Hold 'altera_reserved_tck'
Slack : 0.320
TNS   : 0.000

Type  : Slow 1100mV 85C Model Hold 'u0|sys_sdram_pll_0|sys_pll|altera_pll_i|general[0].gpll~PLL_OUTPUT_COUNTER|divclk'
Slack : 0.364
TNS   : 0.000

Type  : Slow 1100mV 85C Model Recovery 'u0|sys_sdram_pll_0|sys_pll|altera_pll_i|general[0].gpll~PLL_OUTPUT_COUNTER|divclk'
Slack : 15.245
TNS   : 0.000

Type  : Slow 1100mV 85C Model Recovery 'altera_reserved_tck'
Slack : 17.283
TNS   : 0.000

Type  : Slow 1100mV 85C Model Removal 'u0|sys_sdram_pll_0|sys_pll|altera_pll_i|general[0].gpll~PLL_OUTPUT_COUNTER|divclk'
Slack : 0.591
TNS   : 0.000

Type  : Slow 1100mV 85C Model Removal 'altera_reserved_tck'
Slack : 0.976
TNS   : 0.000

Type  : Slow 1100mV 85C Model Minimum Pulse Width 'u0|sys_sdram_pll_0|sys_pll|altera_pll_i|general[0].gpll~FRACTIONAL_PLL|vcoph[0]'
Slack : 1.000
TNS   : 0.000

Type  : Slow 1100mV 85C Model Minimum Pulse Width 'u0|sys_sdram_pll_0|sys_pll|altera_pll_i|general[0].gpll~PLL_OUTPUT_COUNTER|divclk'
Slack : 8.763
TNS   : 0.000

Type  : Slow 1100mV 85C Model Minimum Pulse Width 'CLOCK_50'
Slack : 9.670
TNS   : 0.000

Type  : Slow 1100mV 85C Model Minimum Pulse Width 'altera_reserved_tck'
Slack : 18.940
TNS   : 0.000

Type  : Slow 1100mV 0C Model Setup 'u0|sys_sdram_pll_0|sys_pll|altera_pll_i|general[0].gpll~PLL_OUTPUT_COUNTER|divclk'
Slack : 8.385
TNS   : 0.000

Type  : Slow 1100mV 0C Model Setup 'altera_reserved_tck'
Slack : 10.440
TNS   : 0.000

Type  : Slow 1100mV 0C Model Hold 'altera_reserved_tck'
Slack : 0.300
TNS   : 0.000

Type  : Slow 1100mV 0C Model Hold 'u0|sys_sdram_pll_0|sys_pll|altera_pll_i|general[0].gpll~PLL_OUTPUT_COUNTER|divclk'
Slack : 0.329
TNS   : 0.000

Type  : Slow 1100mV 0C Model Recovery 'u0|sys_sdram_pll_0|sys_pll|altera_pll_i|general[0].gpll~PLL_OUTPUT_COUNTER|divclk'
Slack : 15.492
TNS   : 0.000

Type  : Slow 1100mV 0C Model Recovery 'altera_reserved_tck'
Slack : 17.411
TNS   : 0.000

Type  : Slow 1100mV 0C Model Removal 'u0|sys_sdram_pll_0|sys_pll|altera_pll_i|general[0].gpll~PLL_OUTPUT_COUNTER|divclk'
Slack : 0.486
TNS   : 0.000

Type  : Slow 1100mV 0C Model Removal 'altera_reserved_tck'
Slack : 0.892
TNS   : 0.000

Type  : Slow 1100mV 0C Model Minimum Pulse Width 'u0|sys_sdram_pll_0|sys_pll|altera_pll_i|general[0].gpll~FRACTIONAL_PLL|vcoph[0]'
Slack : 1.000
TNS   : 0.000

Type  : Slow 1100mV 0C Model Minimum Pulse Width 'u0|sys_sdram_pll_0|sys_pll|altera_pll_i|general[0].gpll~PLL_OUTPUT_COUNTER|divclk'
Slack : 8.746
TNS   : 0.000

Type  : Slow 1100mV 0C Model Minimum Pulse Width 'CLOCK_50'
Slack : 9.673
TNS   : 0.000

Type  : Slow 1100mV 0C Model Minimum Pulse Width 'altera_reserved_tck'
Slack : 18.932
TNS   : 0.000

Type  : Fast 1100mV 85C Model Setup 'u0|sys_sdram_pll_0|sys_pll|altera_pll_i|general[0].gpll~PLL_OUTPUT_COUNTER|divclk'
Slack : 11.350
TNS   : 0.000

Type  : Fast 1100mV 85C Model Setup 'altera_reserved_tck'
Slack : 12.357
TNS   : 0.000

Type  : Fast 1100mV 85C Model Hold 'altera_reserved_tck'
Slack : 0.129
TNS   : 0.000

Type  : Fast 1100mV 85C Model Hold 'u0|sys_sdram_pll_0|sys_pll|altera_pll_i|general[0].gpll~PLL_OUTPUT_COUNTER|divclk'
Slack : 0.178
TNS   : 0.000

Type  : Fast 1100mV 85C Model Recovery 'u0|sys_sdram_pll_0|sys_pll|altera_pll_i|general[0].gpll~PLL_OUTPUT_COUNTER|divclk'
Slack : 16.964
TNS   : 0.000

Type  : Fast 1100mV 85C Model Recovery 'altera_reserved_tck'
Slack : 18.543
TNS   : 0.000

Type  : Fast 1100mV 85C Model Removal 'u0|sys_sdram_pll_0|sys_pll|altera_pll_i|general[0].gpll~PLL_OUTPUT_COUNTER|divclk'
Slack : 0.420
TNS   : 0.000

Type  : Fast 1100mV 85C Model Removal 'altera_reserved_tck'
Slack : 0.525
TNS   : 0.000

Type  : Fast 1100mV 85C Model Minimum Pulse Width 'u0|sys_sdram_pll_0|sys_pll|altera_pll_i|general[0].gpll~FRACTIONAL_PLL|vcoph[0]'
Slack : 1.000
TNS   : 0.000

Type  : Fast 1100mV 85C Model Minimum Pulse Width 'u0|sys_sdram_pll_0|sys_pll|altera_pll_i|general[0].gpll~PLL_OUTPUT_COUNTER|divclk'
Slack : 8.885
TNS   : 0.000

Type  : Fast 1100mV 85C Model Minimum Pulse Width 'CLOCK_50'
Slack : 9.336
TNS   : 0.000

Type  : Fast 1100mV 85C Model Minimum Pulse Width 'altera_reserved_tck'
Slack : 18.836
TNS   : 0.000

Type  : Fast 1100mV 0C Model Setup 'u0|sys_sdram_pll_0|sys_pll|altera_pll_i|general[0].gpll~PLL_OUTPUT_COUNTER|divclk'
Slack : 12.490
TNS   : 0.000

Type  : Fast 1100mV 0C Model Setup 'altera_reserved_tck'
Slack : 12.535
TNS   : 0.000

Type  : Fast 1100mV 0C Model Hold 'altera_reserved_tck'
Slack : 0.100
TNS   : 0.000

Type  : Fast 1100mV 0C Model Hold 'u0|sys_sdram_pll_0|sys_pll|altera_pll_i|general[0].gpll~PLL_OUTPUT_COUNTER|divclk'
Slack : 0.169
TNS   : 0.000

Type  : Fast 1100mV 0C Model Recovery 'u0|sys_sdram_pll_0|sys_pll|altera_pll_i|general[0].gpll~PLL_OUTPUT_COUNTER|divclk'
Slack : 17.280
TNS   : 0.000

Type  : Fast 1100mV 0C Model Recovery 'altera_reserved_tck'
Slack : 18.830
TNS   : 0.000

Type  : Fast 1100mV 0C Model Removal 'u0|sys_sdram_pll_0|sys_pll|altera_pll_i|general[0].gpll~PLL_OUTPUT_COUNTER|divclk'
Slack : 0.329
TNS   : 0.000

Type  : Fast 1100mV 0C Model Removal 'altera_reserved_tck'
Slack : 0.447
TNS   : 0.000

Type  : Fast 1100mV 0C Model Minimum Pulse Width 'u0|sys_sdram_pll_0|sys_pll|altera_pll_i|general[0].gpll~FRACTIONAL_PLL|vcoph[0]'
Slack : 1.000
TNS   : 0.000

Type  : Fast 1100mV 0C Model Minimum Pulse Width 'u0|sys_sdram_pll_0|sys_pll|altera_pll_i|general[0].gpll~PLL_OUTPUT_COUNTER|divclk'
Slack : 8.884
TNS   : 0.000

Type  : Fast 1100mV 0C Model Minimum Pulse Width 'CLOCK_50'
Slack : 9.286
TNS   : 0.000

Type  : Fast 1100mV 0C Model Minimum Pulse Width 'altera_reserved_tck'
Slack : 18.812
TNS   : 0.000

------------------------------------------------------------
