Archive member included to satisfy reference by file (symbol)

c:/altera/16.0/nios2eds/bin/gnu/h-x86_64-mingw32/bin/../lib/gcc/nios2-elf/5.2.0/../../../../../H-x86_64-mingw32/nios2-elf/lib\libsmallc.a(lib_a-memcpy.o)
                              obj/default/Source/queue.o (memcpy)
c:/altera/16.0/nios2eds/bin/gnu/h-x86_64-mingw32/bin/../lib/gcc/nios2-elf/5.2.0/../../../../../H-x86_64-mingw32/nios2-elf/lib\libsmallc.a(lib_a-memset.o)
                              obj/default/Source/stream_buffer.o (memset)
c:/altera/16.0/nios2eds/bin/gnu/h-x86_64-mingw32/bin/../lib/gcc/nios2-elf/5.2.0/../../../../../H-x86_64-mingw32/nios2-elf/lib\libsmallc.a(lib_a-puts.o)
                              obj/default/main.o (puts)
c:/altera/16.0/nios2eds/bin/gnu/h-x86_64-mingw32/bin/../lib/gcc/nios2-elf/5.2.0/../../../../../H-x86_64-mingw32/nios2-elf/lib\libsmallc.a(lib_a-strlen.o)
                              obj/default/main.o (strlen)
c:/altera/16.0/nios2eds/bin/gnu/h-x86_64-mingw32/bin/../lib/gcc/nios2-elf/5.2.0/../../../../../H-x86_64-mingw32/nios2-elf/lib\libsmallc.a(lib_a-vsprintf.o)
                              obj/default/main.o (vsprintf)
c:/altera/16.0/nios2eds/bin/gnu/h-x86_64-mingw32/bin/../lib/gcc/nios2-elf/5.2.0/../../../../../H-x86_64-mingw32/nios2-elf/lib\libsmallc.a(lib_a-fvwrite_small_dev.o)
                              c:/altera/16.0/nios2eds/bin/gnu/h-x86_64-mingw32/bin/../lib/gcc/nios2-elf/5.2.0/../../../../../H-x86_64-mingw32/nios2-elf/lib\libsmallc.a(lib_a-puts.o) (__sfvwrite_small_dev)
c:/altera/16.0/nios2eds/bin/gnu/h-x86_64-mingw32/bin/../lib/gcc/nios2-elf/5.2.0/../../../../../H-x86_64-mingw32/nios2-elf/lib\libsmallc.a(lib_a-fvwrite_small_str.o)
                              c:/altera/16.0/nios2eds/bin/gnu/h-x86_64-mingw32/bin/../lib/gcc/nios2-elf/5.2.0/../../../../../H-x86_64-mingw32/nios2-elf/lib\libsmallc.a(lib_a-vsprintf.o) (__sfvwrite_small_str)
c:/altera/16.0/nios2eds/bin/gnu/h-x86_64-mingw32/bin/../lib/gcc/nios2-elf/5.2.0/../../../../../H-x86_64-mingw32/nios2-elf/lib\libsmallc.a(lib_a-impure.o)
                              c:/altera/16.0/nios2eds/bin/gnu/h-x86_64-mingw32/bin/../lib/gcc/nios2-elf/5.2.0/../../../../../H-x86_64-mingw32/nios2-elf/lib\libsmallc.a(lib_a-puts.o) (_impure_ptr)
c:/altera/16.0/nios2eds/bin/gnu/h-x86_64-mingw32/bin/../lib/gcc/nios2-elf/5.2.0/../../../../../H-x86_64-mingw32/nios2-elf/lib\libsmallc.a(lib_a-memmove.o)
                              c:/altera/16.0/nios2eds/bin/gnu/h-x86_64-mingw32/bin/../lib/gcc/nios2-elf/5.2.0/../../../../../H-x86_64-mingw32/nios2-elf/lib\libsmallc.a(lib_a-fvwrite_small_str.o) (memmove)
c:/altera/16.0/nios2eds/bin/gnu/h-x86_64-mingw32/bin/../lib/gcc/nios2-elf/5.2.0/../../../../../H-x86_64-mingw32/nios2-elf/lib\libsmallc.a(lib_a-svfprintf.o)
                              c:/altera/16.0/nios2eds/bin/gnu/h-x86_64-mingw32/bin/../lib/gcc/nios2-elf/5.2.0/../../../../../H-x86_64-mingw32/nios2-elf/lib\libsmallc.a(lib_a-vsprintf.o) (___svfprintf_internal_r)
c:/altera/16.0/nios2eds/bin/gnu/h-x86_64-mingw32/bin/../lib/gcc/nios2-elf/5.2.0/../../../../../H-x86_64-mingw32/nios2-elf/lib\libsmallc.a(lib_a-writer.o)
                              c:/altera/16.0/nios2eds/bin/gnu/h-x86_64-mingw32/bin/../lib/gcc/nios2-elf/5.2.0/../../../../../H-x86_64-mingw32/nios2-elf/lib\libsmallc.a(lib_a-fvwrite_small_dev.o) (_write_r)
c:/altera/16.0/nios2eds/bin/gnu/h-x86_64-mingw32/bin/../lib/gcc/nios2-elf/5.2.0/../../../../../H-x86_64-mingw32/nios2-elf/lib\libsmallc.a(lib_a-int_errno.o)
                              c:/altera/16.0/nios2eds/bin/gnu/h-x86_64-mingw32/bin/../lib/gcc/nios2-elf/5.2.0/../../../../../H-x86_64-mingw32/nios2-elf/lib\libsmallc.a(lib_a-writer.o) (errno)
c:/altera/16.0/nios2eds/bin/gnu/h-x86_64-mingw32/bin/../lib/gcc/nios2-elf/5.2.0\libgcc.a(lib2-divmod.o)
                              c:/altera/16.0/nios2eds/bin/gnu/h-x86_64-mingw32/bin/../lib/gcc/nios2-elf/5.2.0/../../../../../H-x86_64-mingw32/nios2-elf/lib\libsmallc.a(lib_a-svfprintf.o) (__udivsi3)
../freertos_niosII_software_bsp/\libhal_bsp.a(alt_irq_handler.o)
                              obj/default/Source/portable/GCC/NiosII/port.o (alt_irq)
../freertos_niosII_software_bsp/\libhal_bsp.a(alt_irq_vars.o)
                              obj/default/Source/portable/GCC/NiosII/port.o (alt_irq_active)
../freertos_niosII_software_bsp/\libhal_bsp.a(alt_load.o)
                              ../freertos_niosII_software_bsp//obj/HAL/src/crt0.o (alt_load)
../freertos_niosII_software_bsp/\libhal_bsp.a(alt_main.o)
                              ../freertos_niosII_software_bsp//obj/HAL/src/crt0.o (alt_main)
../freertos_niosII_software_bsp/\libhal_bsp.a(alt_putstr.o)
                              obj/default/main.o (alt_putstr)
../freertos_niosII_software_bsp/\libhal_bsp.a(alt_write.o)
                              c:/altera/16.0/nios2eds/bin/gnu/h-x86_64-mingw32/bin/../lib/gcc/nios2-elf/5.2.0/../../../../../H-x86_64-mingw32/nios2-elf/lib\libsmallc.a(lib_a-writer.o) (write)
[...]
Memory Configuration

Name             Origin             Length             Attributes
reset            0x0000000000800000 0x0000000000000020
sdram            0x0000000000800020 0x00000000007fffe0
onchip_memory2_0 0x0000000001080000 0x0000000000055730
*default*        0x0000000000000000 0xffffffffffffffff

Linker script and memory map

LOAD ../freertos_niosII_software_bsp//obj/HAL/src/crt0.o
LOAD obj/default/Source/croutine.o
LOAD obj/default/Source/event_groups.o
LOAD obj/default/Source/list.o
LOAD obj/default/Source/portable/GCC/NiosII/port.o
LOAD obj/default/Source/portable/MemMang/heap_1.o
LOAD obj/default/Source/queue.o
LOAD obj/default/Source/stream_buffer.o
LOAD obj/default/Source/tasks.o
LOAD obj/default/Source/timers.o
LOAD obj/default/main.o
LOAD obj/default/Source/portable/GCC/NiosII/port_asm.o
LOAD c:/altera/16.0/nios2eds/bin/gnu/h-x86_64-mingw32/bin/../lib/gcc/nios2-elf/5.2.0/../../../../../H-x86_64-mingw32/nios2-elf/lib\libstdc++.a
LOAD c:/altera/16.0/nios2eds/bin/gnu/h-x86_64-mingw32/bin/../lib/gcc/nios2-elf/5.2.0/../../../../../H-x86_64-mingw32/nios2-elf/lib\libm.a
LOAD c:/altera/16.0/nios2eds/bin/gnu/h-x86_64-mingw32/bin/../lib/gcc/nios2-elf/5.2.0\libgcc.a
START GROUP
LOAD c:/altera/16.0/nios2eds/bin/gnu/h-x86_64-mingw32/bin/../lib/gcc/nios2-elf/5.2.0/../../../../../H-x86_64-mingw32/nios2-elf/lib\libsmallc.a
LOAD c:/altera/16.0/nios2eds/bin/gnu/h-x86_64-mingw32/bin/../lib/gcc/nios2-elf/5.2.0\libgcc.a
LOAD ../freertos_niosII_software_bsp/\libhal_bsp.a
LOAD c:/altera/16.0/nios2eds/bin/gnu/h-x86_64-mingw32/bin/../lib/gcc/nios2-elf/5.2.0/../../../../../H-x86_64-mingw32/nios2-elf/lib\libm.a
END GROUP
LOAD c:/altera/16.0/nios2eds/bin/gnu/h-x86_64-mingw32/bin/../lib/gcc/nios2-elf/5.2.0\libgcc.a
                0x0000000000800000                __alt_mem_sdram = 0x800000
                0x0000000001080000                __alt_mem_onchip_memory2_0 = 0x1080000

.entry          0x0000000000800000       0x20
 *(.entry)
 .entry         0x0000000000800000       0x20 ../freertos_niosII_software_bsp//obj/HAL/src/crt0.o
                0x0000000000800000                __reset

.exceptions     0x0000000000800020      0x234
                0x0000000000800020                PROVIDE (__ram_exceptions_start, ABSOLUTE (.))
                0x0000000000800020                . = ALIGN (0x20)
 *(.irq)
 *(.exceptions.entry.label)
 *(.exceptions.entry.user)
 *(.exceptions.entry.ecc_fatal)
 *(.exceptions.entry)
 .exceptions.entry
                0x0000000000800020       0x8c obj/default/Source/portable/GCC/NiosII/port_asm.o
 *(.exceptions.irqtest.user)
 *(.exceptions.irqtest)
 .exceptions.irqtest
                0x00000000008000ac       0x14 obj/default/Source/portable/GCC/NiosII/port_asm.o
 *(.exceptions.irqhandler.user)
 *(.exceptions.irqhandler)
 .exceptions.irqhandler
                0x00000000008000c0        0x4 obj/default/Source/portable/GCC/NiosII/port_asm.o
 *(.exceptions.irqreturn.user)
 *(.exceptions.irqreturn)
 .exceptions.irqreturn
                0x00000000008000c4       0x8c obj/default/Source/portable/GCC/NiosII/port_asm.o
                0x00000000008000c4                restore_sp_from_pxCurrentTCB
 *(.exceptions.notirq.label)
 *(.exceptions.notirq.user)
 *(.exceptions.notirq)
 *(.exceptions.soft.user)
 *(.exceptions.soft)
 .exceptions.soft
                0x0000000000800150       0x2c obj/default/Source/portable/GCC/NiosII/port_asm.o
 *(.exceptions.unknown.user)
 *(.exceptions.unknown)
 *(.exceptions.exit.label)
 *(.exceptions.exit.user)
 *(.exceptions.exit)
 *(.exceptions)
 .exceptions    0x000000000080017c       0xd8 ../freertos_niosII_software_bsp/\libhal_bsp.a(alt_irq_handler.o)
                0x000000000080017c                alt_irq_handler
                0x0000000000800254                PROVIDE (__ram_exceptions_end, ABSOLUTE (.))
                0x0000000000800020                PROVIDE (__flash_exceptions_start, LOADADDR (.exceptions))

.text           0x0000000001080000     0x8b64
                [!provide]                        PROVIDE (stext, ABSOLUTE (.))
 *(.interp)
 *(.hash)
 *(.dynsym)
 *(.dynstr)
 *(.gnu.version)
 *(.gnu.version_d)
 *(.gnu.version_r)
 *(.rel.init)
 *(.rela.init)
 *(.rel.text .rel.text.* .rel.gnu.linkonce.t.*)
 *(.rela.text .rela.text.* .rela.gnu.linkonce.t.*)
 *(.rel.fini)
 *(.rela.fini)
 *(.rel.rodata .rel.rodata.* .rel.gnu.linkonce.r.*)
 *(.rela.rodata .rela.rodata.* .rela.gnu.linkonce.r.*)
 *(.rel.data .rel.data.* .rel.gnu.linkonce.d.*)
 *(.rela.data .rela.data.* .rela.gnu.linkonce.d.*)
 *(.rel.tdata .rel.tdata.* .rel.gnu.linkonce.td.*)
 *(.rela.tdata .rela.tdata.* .rela.gnu.linkonce.td.*)
 *(.rel.tbss .rel.tbss.* .rel.gnu.linkonce.tb.*)
 *(.rela.tbss .rela.tbss.* .rela.gnu.linkonce.tb.*)
 *(.rel.ctors)
 *(.rela.ctors)
 *(.rel.dtors)
 *(.rela.dtors)
 *(.rel.got)
 *(.rela.got)
 *(.rel.sdata .rel.sdata.* .rel.gnu.linkonce.s.*)
 *(.rela.sdata .rela.sdata.* .rela.gnu.linkonce.s.*)
 *(.rel.sbss .rel.sbss.* .rel.gnu.linkonce.sb.*)
 *(.rela.sbss .rela.sbss.* .rela.gnu.linkonce.sb.*)
 *(.rel.sdata2 .rel.sdata2.* .rel.gnu.linkonce.s2.*)
 *(.rela.sdata2 .rela.sdata2.* .rela.gnu.linkonce.s2.*)
 *(.rel.sbss2 .rel.sbss2.* .rel.gnu.linkonce.sb2.*)
 *(.rela.sbss2 .rela.sbss2.* .rela.gnu.linkonce.sb2.*)
 *(.rel.bss .rel.bss.* .rel.gnu.linkonce.b.*)
 *(.rela.bss .rela.bss.* .rela.gnu.linkonce.b.*)
 *(.rel.plt)
 *(.rela.plt)
 *(.rel.dyn)
 *(.init)
 *(.plt)
 *(.text .stub .text.* .gnu.linkonce.t.*)
 .text          0x0000000001080000       0x4c ../freertos_niosII_software_bsp//obj/HAL/src/crt0.o
                0x0000000001080000                _start
 .text          0x000000000108004c        0x0 obj/default/Source/croutine.o
 .text          0x000000000108004c      0x700 obj/default/Source/event_groups.o
                0x000000000108004c                xEventGroupCreate
                0x00000000010800a0                xEventGroupSync
                0x0000000001080224                xEventGroupWaitBits
                0x00000000010803cc                xEventGroupClearBits
                0x0000000001080434                xEventGroupGetBitsFromISR
                0x0000000001080470                xEventGroupSetBits
                0x00000000010805f0                vEventGroupDelete
                0x0000000001080664                vEventGroupSetBitsCallback
                0x00000000010806a0                vEventGroupClearBitsCallback
 .text          0x000000000108074c      0x290 obj/default/Source/list.o
                0x000000000108074c                vListInitialise
                0x00000000010807b4                vListInitialiseItem
                0x00000000010807e0                vListInsertEnd
                0x000000000108086c                vListInsert
                0x0000000001080944                uxListRemove
 .text          0x00000000010809dc      0x3ec obj/default/Source/portable/GCC/NiosII/port.o
                0x0000000001080a08                pxPortInitialiseStack
                0x0000000001080ae8                xPortStartScheduler
                0x0000000001080b20                vPortEndScheduler
                0x0000000001080bdc                vPortSysTickHandler
                0x0000000001080c28                alt_irq_register
 .text          0x0000000001080dc8      0x134 obj/default/Source/portable/MemMang/heap_1.o
                0x0000000001080dc8                pvPortMalloc
                0x0000000001080e88                vPortFree
                0x0000000001080eac                vPortInitialiseBlocks
                0x0000000001080ed0                xPortGetFreeHeapSize
 .text          0x0000000001080efc     0x1470 obj/default/Source/queue.o
                0x0000000001080efc                xQueueGenericReset
                0x0000000001081010                xQueueGenericCreate
                0x000000000108118c                xQueueCreateMutex
                0x00000000010811e8                xQueueGiveMutexRecursive
                0x0000000001081278                xQueueTakeMutexRecursive
                0x0000000001081314                xQueueCreateCountingSemaphore
                0x000000000108136c                xQueueGenericSend
                0x0000000001081520                xQueueGenericSendFromISR
                0x0000000001081614                xQueueGiveFromISR
                0x00000000010816f0                xQueueReceive
                0x0000000001081898                xQueueSemaphoreTake
                0x0000000001081aa8                xQueuePeek
                0x0000000001081c58                xQueueReceiveFromISR
                0x0000000001081d3c                xQueuePeekFromISR
                0x0000000001081db8                uxQueueMessagesWaiting
                0x0000000001081df8                uxQueueSpacesAvailable
                0x0000000001081e4c                uxQueueMessagesWaitingFromISR
                0x0000000001081e84                vQueueDelete
                0x000000000108227c                xQueueIsQueueEmptyFromISR
                0x000000000108231c                xQueueIsQueueFullFromISR
 .text          0x000000000108236c      0xea4 obj/default/Source/stream_buffer.o
                0x000000000108236c                xStreamBufferGenericCreate
                0x0000000001082418                vStreamBufferDelete
                0x000000000108247c                xStreamBufferReset
                0x0000000001082518                xStreamBufferSetTriggerLevel
                0x0000000001082584                xStreamBufferSpacesAvailable
                0x000000000108260c                xStreamBufferBytesAvailable
                0x000000000108264c                xStreamBufferSend
                0x00000000010827d4                xStreamBufferSendFromISR
                0x0000000001082998                xStreamBufferReceive
                0x0000000001082af0                xStreamBufferNextMessageLengthBytes
                0x0000000001082b98                xStreamBufferReceiveFromISR
                0x0000000001082d38                xStreamBufferIsEmpty
                0x0000000001082d90                xStreamBufferIsFull
                0x0000000001082e0c                xStreamBufferSendCompletedFromISR
                0x0000000001082e90                xStreamBufferReceiveCompletedFromISR
 .text          0x0000000001083210     0x24ec obj/default/Source/tasks.o
                0x0000000001083210                xTaskCreate
                0x00000000010835d8                vTaskDelete
                0x00000000010836c0                vTaskDelayUntil
                0x00000000010837b0                vTaskDelay
                0x000000000108380c                uxTaskPriorityGet
                0x0000000001083864                uxTaskPriorityGetFromISR
                0x00000000010838b0                vTaskPrioritySet
                0x0000000001083a54                vTaskSuspend
                0x0000000001083bbc                vTaskResume
                0x0000000001083c88                xTaskResumeFromISR
                0x0000000001083d68                vTaskStartScheduler
                0x0000000001083df8                vTaskEndScheduler
                0x0000000001083e40                vTaskSuspendAll
                0x0000000001083e6c                xTaskResumeAll
                0x0000000001083fc4                xTaskGetTickCount
                0x0000000001083fec                xTaskGetTickCountFromISR
                0x0000000001084018                uxTaskGetNumberOfTasks
                0x0000000001084038                pcTaskGetName
                0x0000000001084078                xTaskCatchUpTicks
                0x00000000010840c4                xTaskIncrementTick
                0x0000000001084274                vTaskSwitchContext
                0x000000000108434c                vTaskPlaceOnEventList
                0x000000000108439c                vTaskPlaceOnUnorderedEventList
                0x0000000001084400                xTaskRemoveFromEventList
                0x00000000010844f4                vTaskRemoveFromUnorderedEventList
                0x00000000010845bc                vTaskSetTimeOutState
                0x0000000001084608                vTaskInternalSetTimeOutState
                0x0000000001084644                xTaskCheckForTimeOut
                0x0000000001084724                vTaskMissedYield
                0x0000000001084904                uxTaskGetStackHighWaterMark
                0x00000000010849fc                xTaskGetCurrentTaskHandle
                0x0000000001084a24                xTaskPriorityInherit
                0x0000000001084b64                xTaskPriorityDisinherit
                0x0000000001084c60                vTaskPriorityDisinheritAfterTimeout
                0x0000000001084da0                vTaskEnterCritical
                0x0000000001084df4                vTaskExitCritical
                0x0000000001084e54                uxTaskResetEventItemValue
                0x0000000001084e98                pvTaskIncrementMutexHeldCount
                0x0000000001084ed0                ulTaskNotifyTake
                0x0000000001084f80                xTaskNotifyWait
                0x0000000001085074                xTaskGenericNotify
                0x0000000001085220                xTaskGenericNotifyFromISR
                0x0000000001085404                vTaskNotifyGiveFromISR
                0x0000000001085524                xTaskNotifyStateClear
                0x000000000108559c                ulTaskNotifyValueClear
 .text          0x00000000010856fc        0x0 obj/default/Source/timers.o
 .text          0x00000000010856fc      0xc40 obj/default/main.o
                0x00000000010858b4                hd44780_clear
                0x0000000001085948                hd44780_home
                0x00000000010859dc                hd44780_display
                0x0000000001085ab0                hd44780_position
                0x0000000001085b9c                hd44780_cgram
                0x0000000001085ccc                hd44780_put
                0x0000000001085d64                hd44780_print
                0x0000000001085e00                hd44780_printf
                0x0000000001085ebc                hd44780_init
                0x0000000001086028                sayHello
                0x0000000001086110                sayInBitween
                0x0000000001086170                task_lcd_write
                0x000000000108621c                main
 .text          0x000000000108633c        0x0 obj/default/Source/portable/GCC/NiosII/port_asm.o
 .text          0x000000000108633c        0x0 c:/altera/16.0/nios2eds/bin/gnu/h-x86_64-mingw32/bin/../lib/gcc/nios2-elf/5.2.0/../../../../../H-x86_64-mingw32/nios2-elf/lib\libsmallc.a(lib_a-memcpy.o)
 .text.memcpy   0x000000000108633c       0x28 c:/altera/16.0/nios2eds/bin/gnu/h-x86_64-mingw32/bin/../lib/gcc/nios2-elf/5.2.0/../../../../../H-x86_64-mingw32/nios2-elf/lib\libsmallc.a(lib_a-memcpy.o)
                0x000000000108633c                memcpy
 .text          0x0000000001086364        0x0 c:/altera/16.0/nios2eds/bin/gnu/h-x86_64-mingw32/bin/../lib/gcc/nios2-elf/5.2.0/../../../../../H-x86_64-mingw32/nios2-elf/lib\libsmallc.a(lib_a-memset.o)
 .text.memset   0x0000000001086364       0x20 c:/altera/16.0/nios2eds/bin/gnu/h-x86_64-mingw32/bin/../lib/gcc/nios2-elf/5.2.0/../../../../../H-x86_64-mingw32/nios2-elf/lib\libsmallc.a(lib_a-memset.o)
                0x0000000001086364                memset
 .text          0x0000000001086384        0x0 c:/altera/16.0/nios2eds/bin/gnu/h-x86_64-mingw32/bin/../lib/gcc/nios2-elf/5.2.0/../../../../../H-x86_64-mingw32/nios2-elf/lib\libsmallc.a(lib_a-puts.o)
 .text._puts_r  0x0000000001086384       0x80 c:/altera/16.0/nios2eds/bin/gnu/h-x86_64-mingw32/bin/../lib/gcc/nios2-elf/5.2.0/../../../../../H-x86_64-mingw32/nios2-elf/lib\libsmallc.a(lib_a-puts.o)
                0x0000000001086384                _puts_r
 .text.puts     0x0000000001086404       0x14 c:/altera/16.0/nios2eds/bin/gnu/h-x86_64-mingw32/bin/../lib/gcc/nios2-elf/5.2.0/../../../../../H-x86_64-mingw32/nios2-elf/lib\libsmallc.a(lib_a-puts.o)
                0x0000000001086404                puts
 .text          0x0000000001086418        0x0 c:/altera/16.0/nios2eds/bin/gnu/h-x86_64-mingw32/bin/../lib/gcc/nios2-elf/5.2.0/../../../../../H-x86_64-mingw32/nios2-elf/lib\libsmallc.a(lib_a-strlen.o)
 .text.strlen   0x0000000001086418       0x1c c:/altera/16.0/nios2eds/bin/gnu/h-x86_64-mingw32/bin/../lib/gcc/nios2-elf/5.2.0/../../../../../H-x86_64-mingw32/nios2-elf/lib\libsmallc.a(lib_a-strlen.o)
                0x0000000001086418                strlen
 .text          0x0000000001086434        0x0 c:/altera/16.0/nios2eds/bin/gnu/h-x86_64-mingw32/bin/../lib/gcc/nios2-elf/5.2.0/../../../../../H-x86_64-mingw32/nios2-elf/lib\libsmallc.a(lib_a-vsprintf.o)
 .text._vsprintf_r
                0x0000000001086434       0x5c c:/altera/16.0/nios2eds/bin/gnu/h-x86_64-mingw32/bin/../lib/gcc/nios2-elf/5.2.0/../../../../../H-x86_64-mingw32/nios2-elf/lib\libsmallc.a(lib_a-vsprintf.o)
                0x0000000001086434                _vsprintf_r
 .text.vsprintf
                0x0000000001086490       0x1c c:/altera/16.0/nios2eds/bin/gnu/h-x86_64-mingw32/bin/../lib/gcc/nios2-elf/5.2.0/../../../../../H-x86_64-mingw32/nios2-elf/lib\libsmallc.a(lib_a-vsprintf.o)
                0x0000000001086490                vsprintf
 .text          0x00000000010864ac        0x0 c:/altera/16.0/nios2eds/bin/gnu/h-x86_64-mingw32/bin/../lib/gcc/nios2-elf/5.2.0/../../../../../H-x86_64-mingw32/nios2-elf/lib\libsmallc.a(lib_a-fvwrite_small_dev.o)
 .text.__sfvwrite_small_dev
                0x00000000010864ac       0xb8 c:/altera/16.0/nios2eds/bin/gnu/h-x86_64-mingw32/bin/../lib/gcc/nios2-elf/5.2.0/../../../../../H-x86_64-mingw32/nios2-elf/lib\libsmallc.a(lib_a-fvwrite_small_dev.o)
                0x00000000010864ac                __sfvwrite_small_dev
 .text          0x0000000001086564        0x0 c:/altera/16.0/nios2eds/bin/gnu/h-x86_64-mingw32/bin/../lib/gcc/nios2-elf/5.2.0/../../../../../H-x86_64-mingw32/nios2-elf/lib\libsmallc.a(lib_a-fvwrite_small_str.o)
 .text.__sfvwrite_small_str
                0x0000000001086564       0xa8 c:/altera/16.0/nios2eds/bin/gnu/h-x86_64-mingw32/bin/../lib/gcc/nios2-elf/5.2.0/../../../../../H-x86_64-mingw32/nios2-elf/lib\libsmallc.a(lib_a-fvwrite_small_str.o)
                0x0000000001086564                __sfvwrite_small_str
 .text          0x000000000108660c        0x0 c:/altera/16.0/nios2eds/bin/gnu/h-x86_64-mingw32/bin/../lib/gcc/nios2-elf/5.2.0/../../../../../H-x86_64-mingw32/nios2-elf/lib\libsmallc.a(lib_a-impure.o)
 .text          0x000000000108660c        0x0 c:/altera/16.0/nios2eds/bin/gnu/h-x86_64-mingw32/bin/../lib/gcc/nios2-elf/5.2.0/../../../../../H-x86_64-mingw32/nios2-elf/lib\libsmallc.a(lib_a-memmove.o)
 .text.memmove  0x000000000108660c       0x60 c:/altera/16.0/nios2eds/bin/gnu/h-x86_64-mingw32/bin/../lib/gcc/nios2-elf/5.2.0/../../../../../H-x86_64-mingw32/nios2-elf/lib\libsmallc.a(lib_a-memmove.o)
                0x000000000108660c                memmove
 .text          0x000000000108666c        0x0 c:/altera/16.0/nios2eds/bin/gnu/h-x86_64-mingw32/bin/../lib/gcc/nios2-elf/5.2.0/../../../../../H-x86_64-mingw32/nios2-elf/lib\libsmallc.a(lib_a-svfprintf.o)
 .text.print_repeat
                0x000000000108666c       0x6c c:/altera/16.0/nios2eds/bin/gnu/h-x86_64-mingw32/bin/../lib/gcc/nios2-elf/5.2.0/../../../../../H-x86_64-mingw32/nios2-elf/lib\libsmallc.a(lib_a-svfprintf.o)
 .text.___svfprintf_internal_r
                0x00000000010866d8      0x524 c:/altera/16.0/nios2eds/bin/gnu/h-x86_64-mingw32/bin/../lib/gcc/nios2-elf/5.2.0/../../../../../H-x86_64-mingw32/nios2-elf/lib\libsmallc.a(lib_a-svfprintf.o)
                0x00000000010866d8                ___svfprintf_internal_r
 .text.__vfprintf_internal_unused
                0x0000000001086bfc       0x1c c:/altera/16.0/nios2eds/bin/gnu/h-x86_64-mingw32/bin/../lib/gcc/nios2-elf/5.2.0/../../../../../H-x86_64-mingw32/nios2-elf/lib\libsmallc.a(lib_a-svfprintf.o)
                0x0000000001086bfc                __vfprintf_internal_unused
 .text          0x0000000001086c18        0x0 c:/altera/16.0/nios2eds/bin/gnu/h-x86_64-mingw32/bin/../lib/gcc/nios2-elf/5.2.0/../../../../../H-x86_64-mingw32/nios2-elf/lib\libsmallc.a(lib_a-writer.o)
 .text._write_r
                0x0000000001086c18       0x58 c:/altera/16.0/nios2eds/bin/gnu/h-x86_64-mingw32/bin/../lib/gcc/nios2-elf/5.2.0/../../../../../H-x86_64-mingw32/nios2-elf/lib\libsmallc.a(lib_a-writer.o)
                0x0000000001086c18                _write_r
 .text          0x0000000001086c70        0x0 c:/altera/16.0/nios2eds/bin/gnu/h-x86_64-mingw32/bin/../lib/gcc/nios2-elf/5.2.0/../../../../../H-x86_64-mingw32/nios2-elf/lib\libsmallc.a(lib_a-int_errno.o)
 .text          0x0000000001086c70      0x1b4 c:/altera/16.0/nios2eds/bin/gnu/h-x86_64-mingw32/bin/../lib/gcc/nios2-elf/5.2.0\libgcc.a(lib2-divmod.o)
                0x0000000001086c70                __divsi3
                0x0000000001086cf4                __modsi3
                0x0000000001086d68                __udivsi3
                0x0000000001086dcc                __umodsi3
 .text          0x0000000001086e24        0x0 ../freertos_niosII_software_bsp/\libhal_bsp.a(alt_irq_handler.o)
 .text          0x0000000001086e24        0x0 ../freertos_niosII_software_bsp/\libhal_bsp.a(alt_irq_vars.o)
 .text          0x0000000001086e24       0xec ../freertos_niosII_software_bsp/\libhal_bsp.a(alt_load.o)
                0x0000000001086e8c                alt_load
 .text          0x0000000001086f10       0x6c ../freertos_niosII_software_bsp/\libhal_bsp.a(alt_main.o)
                0x0000000001086f10                alt_main
 .text          0x0000000001086f7c       0x44 ../freertos_niosII_software_bsp/\libhal_bsp.a(alt_putstr.o)
                0x0000000001086f7c                alt_putstr
 .text          0x0000000001086fc0      0x148 ../freertos_niosII_software_bsp/\libhal_bsp.a(alt_write.o)
                0x0000000001087010                write
 .text          0x0000000001087108       0xbc ../freertos_niosII_software_bsp/\libhal_bsp.a(alt_sys_init.o)
                0x0000000001087140                alt_irq_init
                0x0000000001087178                alt_sys_init
 .text          0x00000000010871c4      0x164 ../freertos_niosII_software_bsp/\libhal_bsp.a(altera_avalon_jtag_uart_fd.o)
                0x00000000010871c4                altera_avalon_jtag_uart_read_fd
                0x0000000001087224                altera_avalon_jtag_uart_write_fd
                0x0000000001087284                altera_avalon_jtag_uart_close_fd
                0x00000000010872d4                altera_avalon_jtag_uart_ioctl_fd
 .text          0x0000000001087328      0x3dc ../freertos_niosII_software_bsp/\libhal_bsp.a(altera_avalon_jtag_uart_init.o)
                0x0000000001087328                altera_avalon_jtag_uart_init
                0x000000000108769c                altera_avalon_jtag_uart_close
 .text          0x0000000001087704       0xf0 ../freertos_niosII_software_bsp/\libhal_bsp.a(altera_avalon_jtag_uart_ioctl.o)
                0x0000000001087704                altera_avalon_jtag_uart_ioctl
 .text          0x00000000010877f4      0x21c ../freertos_niosII_software_bsp/\libhal_bsp.a(altera_avalon_jtag_uart_read.o)
                0x00000000010877f4                altera_avalon_jtag_uart_read
 .text          0x0000000001087a10      0x224 ../freertos_niosII_software_bsp/\libhal_bsp.a(altera_avalon_jtag_uart_write.o)
                0x0000000001087a10                altera_avalon_jtag_uart_write
 .text          0x0000000001087c34      0x140 ../freertos_niosII_software_bsp/\libhal_bsp.a(alt_alarm_start.o)
                0x0000000001087c34                alt_alarm_start
 .text          0x0000000001087d74      0x120 ../freertos_niosII_software_bsp/\libhal_bsp.a(alt_close.o)
                0x0000000001087dc4                close
 .text          0x0000000001087e94       0x48 ../freertos_niosII_software_bsp/\libhal_bsp.a(alt_dcache_flush_all.o)
                0x0000000001087e94                alt_dcache_flush_all
 .text          0x0000000001087edc       0x2c ../freertos_niosII_software_bsp/\libhal_bsp.a(alt_dev.o)
 .text          0x0000000001087f08       0xf4 ../freertos_niosII_software_bsp/\libhal_bsp.a(alt_dev_llist_insert.o)
                0x0000000001087f58                alt_dev_llist_insert
 .text          0x0000000001087ffc        0x0 ../freertos_niosII_software_bsp/\libhal_bsp.a(alt_errno.o)
 .text          0x0000000001087ffc       0x34 ../freertos_niosII_software_bsp/\libhal_bsp.a(alt_icache_flush_all.o)
                0x0000000001087ffc                alt_icache_flush_all
 .text          0x0000000001088030      0x140 ../freertos_niosII_software_bsp/\libhal_bsp.a(alt_io_redirect.o)
                0x00000000010880f4                alt_io_redirect
 .text          0x0000000001088170      0x274 ../freertos_niosII_software_bsp/\libhal_bsp.a(alt_open.o)
                0x000000000108828c                open
 .text          0x00000000010883e4       0x64 ../freertos_niosII_software_bsp/\libhal_bsp.a(alt_release_fd.o)
                0x00000000010883e4                alt_release_fd
 .text          0x0000000001088448      0x1a4 ../freertos_niosII_software_bsp/\libhal_bsp.a(alt_tick.o)
                0x0000000001088448                alt_alarm_stop
                0x00000000010884e4                alt_tick
 .text          0x00000000010885ec       0x24 ../freertos_niosII_software_bsp/\libhal_bsp.a(altera_nios2_gen2_irq.o)
                0x00000000010885ec                altera_nios2_gen2_irq_init
 .text          0x0000000001088610       0x90 ../freertos_niosII_software_bsp/\libhal_bsp.a(alt_find_dev.o)
                0x0000000001088610                alt_find_dev
 .text          0x00000000010886a0      0x114 ../freertos_niosII_software_bsp/\libhal_bsp.a(alt_find_file.o)
                0x00000000010886a0                alt_find_file
 .text          0x00000000010887b4       0xb4 ../freertos_niosII_software_bsp/\libhal_bsp.a(alt_get_fd.o)
                0x00000000010887b4                alt_get_fd
 .text          0x0000000001088868       0x90 ../freertos_niosII_software_bsp/\libhal_bsp.a(alt_icache_flush.o)
                0x0000000001088868                alt_icache_flush
 .text          0x00000000010888f8        0x0 c:/altera/16.0/nios2eds/bin/gnu/h-x86_64-mingw32/bin/../lib/gcc/nios2-elf/5.2.0/../../../../../H-x86_64-mingw32/nios2-elf/lib\libsmallc.a(lib_a-exit.o)
 .text.exit     0x00000000010888f8       0x20 c:/altera/16.0/nios2eds/bin/gnu/h-x86_64-mingw32/bin/../lib/gcc/nios2-elf/5.2.0/../../../../../H-x86_64-mingw32/nios2-elf/lib\libsmallc.a(lib_a-exit.o)
                0x00000000010888f8                exit
 .text          0x0000000001088918        0x0 c:/altera/16.0/nios2eds/bin/gnu/h-x86_64-mingw32/bin/../lib/gcc/nios2-elf/5.2.0/../../../../../H-x86_64-mingw32/nios2-elf/lib\libsmallc.a(lib_a-fputs.o)
 .text.fputs    0x0000000001088918       0x58 c:/altera/16.0/nios2eds/bin/gnu/h-x86_64-mingw32/bin/../lib/gcc/nios2-elf/5.2.0/../../../../../H-x86_64-mingw32/nios2-elf/lib\libsmallc.a(lib_a-fputs.o)
                0x0000000001088918                fputs
 .text          0x0000000001088970        0x0 c:/altera/16.0/nios2eds/bin/gnu/h-x86_64-mingw32/bin/../lib/gcc/nios2-elf/5.2.0/../../../../../H-x86_64-mingw32/nios2-elf/lib\libsmallc.a(lib_a-memcmp.o)
 .text.memcmp   0x0000000001088970       0x30 c:/altera/16.0/nios2eds/bin/gnu/h-x86_64-mingw32/bin/../lib/gcc/nios2-elf/5.2.0/../../../../../H-x86_64-mingw32/nios2-elf/lib\libsmallc.a(lib_a-memcmp.o)
                0x0000000001088970                memcmp
 .text          0x00000000010889a0        0x0 c:/altera/16.0/nios2eds/bin/gnu/h-x86_64-mingw32/bin/../lib/gcc/nios2-elf/5.2.0/../../../../../H-x86_64-mingw32/nios2-elf/lib\libsmallc.a(lib_a-__call_atexit.o)
 .text.__call_exitprocs
                0x00000000010889a0      0x190 c:/altera/16.0/nios2eds/bin/gnu/h-x86_64-mingw32/bin/../lib/gcc/nios2-elf/5.2.0/../../../../../H-x86_64-mingw32/nios2-elf/lib\libsmallc.a(lib_a-__call_atexit.o)
                0x00000000010889a0                __call_exitprocs
 .text          0x0000000001088b30       0x34 ../freertos_niosII_software_bsp/\libhal_bsp.a(alt_exit.o)
                0x0000000001088b30                _exit
 *(.gnu.warning.*)
 *(.fini)
                [!provide]                        PROVIDE (__etext, ABSOLUTE (.))
                [!provide]                        PROVIDE (_etext, ABSOLUTE (.))
                [!provide]                        PROVIDE (etext, ABSOLUTE (.))
 *(.eh_frame_hdr)
                0x0000000001088b64                . = ALIGN (0x4)
                [!provide]                        PROVIDE (__preinit_array_start, ABSOLUTE (.))
 *(.preinit_array)
                [!provide]                        PROVIDE (__preinit_array_end, ABSOLUTE (.))
                [!provide]                        PROVIDE (__init_array_start, ABSOLUTE (.))
 *(.init_array)
                [!provide]                        PROVIDE (__init_array_end, ABSOLUTE (.))
                [!provide]                        PROVIDE (__fini_array_start, ABSOLUTE (.))
 *(.fini_array)
                [!provide]                        PROVIDE (__fini_array_end, ABSOLUTE (.))
 *(.eh_frame)
 *(.gcc_except_table .gcc_except_table.*)
 *(.dynamic)
                [!provide]                        PROVIDE (__CTOR_LIST__, ABSOLUTE (.))
 *(.ctors)
 *(SORT(.ctors.*))
                [!provide]                        PROVIDE (__CTOR_END__, ABSOLUTE (.))
                [!provide]                        PROVIDE (__DTOR_LIST__, ABSOLUTE (.))
 *(.dtors)
 *(SORT(.dtors.*))
                [!provide]                        PROVIDE (__DTOR_END__, ABSOLUTE (.))
 *(.jcr)
                0x0000000001088b64                . = ALIGN (0x4)

.rodata         0x0000000001088b64      0x150
                0x0000000001088b64                PROVIDE (__ram_rodata_start, ABSOLUTE (.))
                0x0000000001088b64                . = ALIGN (0x4)
 *(.rodata .rodata.* .gnu.linkonce.r.*)
 .rodata        0x0000000001088b64        0x5 obj/default/Source/tasks.o
 *fill*         0x0000000001088b69        0x3 
 .rodata        0x0000000001088b6c      0x10e obj/default/main.o
 *fill*         0x0000000001088c7a        0x2 
 .rodata.str1.4
                0x0000000001088c7c        0x4 c:/altera/16.0/nios2eds/bin/gnu/h-x86_64-mingw32/bin/../lib/gcc/nios2-elf/5.2.0/../../../../../H-x86_64-mingw32/nios2-elf/lib\libsmallc.a(lib_a-puts.o)
                                          0x2 (size before relaxing)
 .rodata        0x0000000001088c80       0x11 ../freertos_niosII_software_bsp/\libhal_bsp.a(alt_main.o)
 *fill*         0x0000000001088c91        0x3 
 .rodata        0x0000000001088c94       0x11 ../freertos_niosII_software_bsp/\libhal_bsp.a(alt_sys_init.o)
 *fill*         0x0000000001088ca5        0x3 
 .rodata        0x0000000001088ca8        0xa ../freertos_niosII_software_bsp/\libhal_bsp.a(alt_dev.o)
 *(.rodata1)
                0x0000000001088cb4                . = ALIGN (0x4)
 *fill*         0x0000000001088cb2        0x2 
                0x0000000001088cb4                PROVIDE (__ram_rodata_end, ABSOLUTE (.))
                0x0000000001088b64                PROVIDE (__flash_rodata_start, LOADADDR (.rodata))

.rwdata         0x0000000001088cb4     0x1314 load address 0x0000000001089fc8
                0x0000000001088cb4                PROVIDE (__ram_rwdata_start, ABSOLUTE (.))
                0x0000000001088cb4                . = ALIGN (0x4)
 *(.got.plt)
 *(.got)
 *(.data1)
 *(.data .data.* .gnu.linkonce.d.*)
 .data          0x0000000001088cb4        0x0 ../freertos_niosII_software_bsp//obj/HAL/src/crt0.o
 .data          0x0000000001088cb4        0x0 obj/default/Source/croutine.o
 .data          0x0000000001088cb4        0x0 obj/default/Source/event_groups.o
 .data          0x0000000001088cb4        0x0 obj/default/Source/list.o
 .data          0x0000000001088cb4        0x0 obj/default/Source/portable/GCC/NiosII/port.o
 .data          0x0000000001088cb4        0x0 obj/default/Source/portable/MemMang/heap_1.o
 .data          0x0000000001088cb4        0x0 obj/default/Source/queue.o
 .data          0x0000000001088cb4        0x0 obj/default/Source/stream_buffer.o
 .data          0x0000000001088cb4        0x0 obj/default/Source/tasks.o
 .data          0x0000000001088cb4        0x0 obj/default/Source/timers.o
 .data          0x0000000001088cb4        0x0 obj/default/main.o
 .data          0x0000000001088cb4        0x0 obj/default/Source/portable/GCC/NiosII/port_asm.o
 .data          0x0000000001088cb4        0x0 c:/altera/16.0/nios2eds/bin/gnu/h-x86_64-mingw32/bin/../lib/gcc/nios2-elf/5.2.0/../../../../../H-x86_64-mingw32/nios2-elf/lib\libsmallc.a(lib_a-memcpy.o)
 .data          0x0000000001088cb4        0x0 c:/altera/16.0/nios2eds/bin/gnu/h-x86_64-mingw32/bin/../lib/gcc/nios2-elf/5.2.0/../../../../../H-x86_64-mingw32/nios2-elf/lib\libsmallc.a(lib_a-memset.o)
 .data          0x0000000001088cb4        0x0 c:/altera/16.0/nios2eds/bin/gnu/h-x86_64-mingw32/bin/../lib/gcc/nios2-elf/5.2.0/../../../../../H-x86_64-mingw32/nios2-elf/lib\libsmallc.a(lib_a-puts.o)
 .data          0x0000000001088cb4        0x0 c:/altera/16.0/nios2eds/bin/gnu/h-x86_64-mingw32/bin/../lib/gcc/nios2-elf/5.2.0/../../../../../H-x86_64-mingw32/nios2-elf/lib\libsmallc.a(lib_a-strlen.o)
 .data          0x0000000001088cb4        0x0 c:/altera/16.0/nios2eds/bin/gnu/h-x86_64-mingw32/bin/../lib/gcc/nios2-elf/5.2.0/../../../../../H-x86_64-mingw32/nios2-elf/lib\libsmallc.a(lib_a-vsprintf.o)
 .data          0x0000000001088cb4        0x0 c:/altera/16.0/nios2eds/bin/gnu/h-x86_64-mingw32/bin/../lib/gcc/nios2-elf/5.2.0/../../../../../H-x86_64-mingw32/nios2-elf/lib\libsmallc.a(lib_a-fvwrite_small_dev.o)
 .data          0x0000000001088cb4        0x0 c:/altera/16.0/nios2eds/bin/gnu/h-x86_64-mingw32/bin/../lib/gcc/nios2-elf/5.2.0/../../../../../H-x86_64-mingw32/nios2-elf/lib\libsmallc.a(lib_a-fvwrite_small_str.o)
 .data          0x0000000001088cb4        0x0 c:/altera/16.0/nios2eds/bin/gnu/h-x86_64-mingw32/bin/../lib/gcc/nios2-elf/5.2.0/../../../../../H-x86_64-mingw32/nios2-elf/lib\libsmallc.a(lib_a-impure.o)
 .data.impure_data
                0x0000000001088cb4       0xe0 c:/altera/16.0/nios2eds/bin/gnu/h-x86_64-mingw32/bin/../lib/gcc/nios2-elf/5.2.0/../../../../../H-x86_64-mingw32/nios2-elf/lib\libsmallc.a(lib_a-impure.o)
 .data          0x0000000001088d94        0x0 c:/altera/16.0/nios2eds/bin/gnu/h-x86_64-mingw32/bin/../lib/gcc/nios2-elf/5.2.0/../../../../../H-x86_64-mingw32/nios2-elf/lib\libsmallc.a(lib_a-memmove.o)
 .data          0x0000000001088d94        0x0 c:/altera/16.0/nios2eds/bin/gnu/h-x86_64-mingw32/bin/../lib/gcc/nios2-elf/5.2.0/../../../../../H-x86_64-mingw32/nios2-elf/lib\libsmallc.a(lib_a-svfprintf.o)
 .data          0x0000000001088d94        0x0 c:/altera/16.0/nios2eds/bin/gnu/h-x86_64-mingw32/bin/../lib/gcc/nios2-elf/5.2.0/../../../../../H-x86_64-mingw32/nios2-elf/lib\libsmallc.a(lib_a-writer.o)
 .data          0x0000000001088d94        0x0 c:/altera/16.0/nios2eds/bin/gnu/h-x86_64-mingw32/bin/../lib/gcc/nios2-elf/5.2.0/../../../../../H-x86_64-mingw32/nios2-elf/lib\libsmallc.a(lib_a-int_errno.o)
 .data          0x0000000001088d94        0x0 c:/altera/16.0/nios2eds/bin/gnu/h-x86_64-mingw32/bin/../lib/gcc/nios2-elf/5.2.0\libgcc.a(lib2-divmod.o)
 .data          0x0000000001088d94        0x0 ../freertos_niosII_software_bsp/\libhal_bsp.a(alt_irq_handler.o)
 .data          0x0000000001088d94        0x0 ../freertos_niosII_software_bsp/\libhal_bsp.a(alt_irq_vars.o)
 .data          0x0000000001088d94        0x0 ../freertos_niosII_software_bsp/\libhal_bsp.a(alt_load.o)
 .data          0x0000000001088d94        0x0 ../freertos_niosII_software_bsp/\libhal_bsp.a(alt_main.o)
 .data          0x0000000001088d94        0x0 ../freertos_niosII_software_bsp/\libhal_bsp.a(alt_putstr.o)
 .data          0x0000000001088d94        0x0 ../freertos_niosII_software_bsp/\libhal_bsp.a(alt_write.o)
 .data          0x0000000001088d94     0x1060 ../freertos_niosII_software_bsp/\libhal_bsp.a(alt_sys_init.o)
 .data          0x0000000001089df4        0x0 ../freertos_niosII_software_bsp/\libhal_bsp.a(altera_avalon_jtag_uart_fd.o)
 .data          0x0000000001089df4        0x0 ../freertos_niosII_software_bsp/\libhal_bsp.a(altera_avalon_jtag_uart_init.o)
 .data          0x0000000001089df4        0x0 ../freertos_niosII_software_bsp/\libhal_bsp.a(altera_avalon_jtag_uart_ioctl.o)
 .data          0x0000000001089df4        0x0 ../freertos_niosII_software_bsp/\libhal_bsp.a(altera_avalon_jtag_uart_read.o)
 .data          0x0000000001089df4        0x0 ../freertos_niosII_software_bsp/\libhal_bsp.a(altera_avalon_jtag_uart_write.o)
 .data          0x0000000001089df4        0x0 ../freertos_niosII_software_bsp/\libhal_bsp.a(alt_alarm_start.o)
 .data          0x0000000001089df4        0x0 ../freertos_niosII_software_bsp/\libhal_bsp.a(alt_close.o)
 .data          0x0000000001089df4        0x0 ../freertos_niosII_software_bsp/\libhal_bsp.a(alt_dcache_flush_all.o)
 .data          0x0000000001089df4      0x1a8 ../freertos_niosII_software_bsp/\libhal_bsp.a(alt_dev.o)
                0x0000000001089df4                alt_dev_null
                0x0000000001089e1c                alt_fd_list
 .data          0x0000000001089f9c        0x0 ../freertos_niosII_software_bsp/\libhal_bsp.a(alt_dev_llist_insert.o)
 .data          0x0000000001089f9c        0x0 ../freertos_niosII_software_bsp/\libhal_bsp.a(alt_errno.o)
 .data          0x0000000001089f9c        0x0 ../freertos_niosII_software_bsp/\libhal_bsp.a(alt_icache_flush_all.o)
 .data          0x0000000001089f9c        0x0 ../freertos_niosII_software_bsp/\libhal_bsp.a(alt_io_redirect.o)
 .data          0x0000000001089f9c        0x0 ../freertos_niosII_software_bsp/\libhal_bsp.a(alt_open.o)
 .data          0x0000000001089f9c        0x0 ../freertos_niosII_software_bsp/\libhal_bsp.a(alt_release_fd.o)
 .data          0x0000000001089f9c        0x0 ../freertos_niosII_software_bsp/\libhal_bsp.a(alt_tick.o)
 .data          0x0000000001089f9c        0x0 ../freertos_niosII_software_bsp/\libhal_bsp.a(altera_nios2_gen2_irq.o)
 .data          0x0000000001089f9c        0x0 ../freertos_niosII_software_bsp/\libhal_bsp.a(alt_find_dev.o)
 .data          0x0000000001089f9c        0x0 ../freertos_niosII_software_bsp/\libhal_bsp.a(alt_find_file.o)
 .data          0x0000000001089f9c        0x0 ../freertos_niosII_software_bsp/\libhal_bsp.a(alt_get_fd.o)
 .data          0x0000000001089f9c        0x0 ../freertos_niosII_software_bsp/\libhal_bsp.a(alt_icache_flush.o)
 .data          0x0000000001089f9c        0x0 c:/altera/16.0/nios2eds/bin/gnu/h-x86_64-mingw32/bin/../lib/gcc/nios2-elf/5.2.0/../../../../../H-x86_64-mingw32/nios2-elf/lib\libsmallc.a(lib_a-exit.o)
 .data          0x0000000001089f9c        0x0 c:/altera/16.0/nios2eds/bin/gnu/h-x86_64-mingw32/bin/../lib/gcc/nios2-elf/5.2.0/../../../../../H-x86_64-mingw32/nios2-elf/lib\libsmallc.a(lib_a-fputs.o)
 .data          0x0000000001089f9c        0x0 c:/altera/16.0/nios2eds/bin/gnu/h-x86_64-mingw32/bin/../lib/gcc/nios2-elf/5.2.0/../../../../../H-x86_64-mingw32/nios2-elf/lib\libsmallc.a(lib_a-memcmp.o)
 .data          0x0000000001089f9c        0x0 c:/altera/16.0/nios2eds/bin/gnu/h-x86_64-mingw32/bin/../lib/gcc/nios2-elf/5.2.0/../../../../../H-x86_64-mingw32/nios2-elf/lib\libsmallc.a(lib_a-__call_atexit.o)
 .data          0x0000000001089f9c        0x0 ../freertos_niosII_software_bsp/\libhal_bsp.a(alt_exit.o)
                0x0000000001091f9c                _gp = ABSOLUTE ((. + 0x8000))
                [!provide]                        PROVIDE (gp, _gp)
 *(.rwdata .rwdata.*)
 *(.sdata .sdata.* .gnu.linkonce.s.*)
 .sdata._global_impure_ptr
                0x0000000001089f9c        0x4 c:/altera/16.0/nios2eds/bin/gnu/h-x86_64-mingw32/bin/../lib/gcc/nios2-elf/5.2.0/../../../../../H-x86_64-mingw32/nios2-elf/lib\libsmallc.a(lib_a-impure.o)
                0x0000000001089f9c                _global_impure_ptr
 .sdata._impure_ptr
                0x0000000001089fa0        0x4 c:/altera/16.0/nios2eds/bin/gnu/h-x86_64-mingw32/bin/../lib/gcc/nios2-elf/5.2.0/../../../../../H-x86_64-mingw32/nios2-elf/lib\libsmallc.a(lib_a-impure.o)
                0x0000000001089fa0                _impure_ptr
 .sdata         0x0000000001089fa4        0x4 ../freertos_niosII_software_bsp/\libhal_bsp.a(alt_irq_vars.o)
                0x0000000001089fa4                alt_priority_mask
 .sdata         0x0000000001089fa8       0x14 ../freertos_niosII_software_bsp/\libhal_bsp.a(alt_dev.o)
                0x0000000001089fa8                alt_fs_list
                0x0000000001089fb0                alt_dev_list
                0x0000000001089fb8                alt_max_fd
 .sdata         0x0000000001089fbc        0x4 ../freertos_niosII_software_bsp/\libhal_bsp.a(alt_errno.o)
                0x0000000001089fbc                alt_errno
 .sdata         0x0000000001089fc0        0x8 ../freertos_niosII_software_bsp/\libhal_bsp.a(alt_tick.o)
                0x0000000001089fc0                alt_alarm_list
 *(.sdata2 .sdata2.* .gnu.linkonce.s2.*)
                0x0000000001089fc8                . = ALIGN (0x4)
                0x0000000001089fc8                _edata = ABSOLUTE (.)
                [!provide]                        PROVIDE (edata, ABSOLUTE (.))
                0x0000000001089fc8                PROVIDE (__ram_rwdata_end, ABSOLUTE (.))
                0x0000000001089fc8                PROVIDE (__flash_rwdata_start, LOADADDR (.rwdata))

.bss            0x000000000108b2dc    0x3d2c8
                0x000000000108b2dc                __bss_start = ABSOLUTE (.)
                [!provide]                        PROVIDE (__sbss_start, ABSOLUTE (.))
                [!provide]                        PROVIDE (___sbss_start, ABSOLUTE (.))
 *(.dynsbss)
 *(.sbss .sbss.* .gnu.linkonce.sb.*)
 .sbss          0x000000000108b2dc        0x8 obj/default/Source/portable/MemMang/heap_1.o
 .sbss          0x000000000108b2e4       0x3c obj/default/Source/tasks.o
                0x000000000108b2e4                pxCurrentTCB
 .sbss          0x000000000108b320        0x4 obj/default/main.o
                0x000000000108b320                n
 .sbss          0x000000000108b324        0xc obj/default/main.o
                0x000000000108b324                Queue_lcd_rs
                0x000000000108b328                Queue_lcd_data
                0x000000000108b32c                Mutex_write_lcd
 .sbss          0x000000000108b330        0x4 c:/altera/16.0/nios2eds/bin/gnu/h-x86_64-mingw32/bin/../lib/gcc/nios2-elf/5.2.0/../../../../../H-x86_64-mingw32/nios2-elf/lib\libsmallc.a(lib_a-int_errno.o)
                0x000000000108b330                errno
 .sbss          0x000000000108b334        0x4 ../freertos_niosII_software_bsp/\libhal_bsp.a(alt_irq_vars.o)
                0x000000000108b334                alt_irq_active
 .sbss          0x000000000108b338        0xc ../freertos_niosII_software_bsp/\libhal_bsp.a(alt_main.o)
                0x000000000108b338                alt_argc
                0x000000000108b33c                alt_argv
                0x000000000108b340                alt_envp
 .sbss          0x000000000108b344        0x8 ../freertos_niosII_software_bsp/\libhal_bsp.a(alt_tick.o)
                0x000000000108b344                _alt_tick_rate
                0x000000000108b348                _alt_nticks
 *(.sbss2 .sbss2.* .gnu.linkonce.sb2.*)
 *(.scommon)
                [!provide]                        PROVIDE (__sbss_end, ABSOLUTE (.))
                [!provide]                        PROVIDE (___sbss_end, ABSOLUTE (.))
 *(.dynbss)
 *(.bss .bss.* .gnu.linkonce.b.*)
 .bss           0x000000000108b34c        0x0 ../freertos_niosII_software_bsp//obj/HAL/src/crt0.o
 .bss           0x000000000108b34c        0x0 obj/default/Source/croutine.o
 .bss           0x000000000108b34c        0x0 obj/default/Source/event_groups.o
 .bss           0x000000000108b34c        0x0 obj/default/Source/list.o
 .bss           0x000000000108b34c        0x0 obj/default/Source/portable/GCC/NiosII/port.o
 .bss           0x000000000108b34c    0x3d090 obj/default/Source/portable/MemMang/heap_1.o
 .bss           0x00000000010c83dc        0x0 obj/default/Source/queue.o
 .bss           0x00000000010c83dc        0x0 obj/default/Source/stream_buffer.o
 .bss           0x00000000010c83dc       0xc8 obj/default/Source/tasks.o
 .bss           0x00000000010c84a4        0x0 obj/default/Source/timers.o
 .bss           0x00000000010c84a4        0x0 obj/default/main.o
 .bss           0x00000000010c84a4        0x0 obj/default/Source/portable/GCC/NiosII/port_asm.o
 .bss           0x00000000010c84a4        0x0 c:/altera/16.0/nios2eds/bin/gnu/h-x86_64-mingw32/bin/../lib/gcc/nios2-elf/5.2.0/../../../../../H-x86_64-mingw32/nios2-elf/lib\libsmallc.a(lib_a-memcpy.o)
 .bss           0x00000000010c84a4        0x0 c:/altera/16.0/nios2eds/bin/gnu/h-x86_64-mingw32/bin/../lib/gcc/nios2-elf/5.2.0/../../../../../H-x86_64-mingw32/nios2-elf/lib\libsmallc.a(lib_a-memset.o)
 .bss           0x00000000010c84a4        0x0 c:/altera/16.0/nios2eds/bin/gnu/h-x86_64-mingw32/bin/../lib/gcc/nios2-elf/5.2.0/../../../../../H-x86_64-mingw32/nios2-elf/lib\libsmallc.a(lib_a-puts.o)
 .bss           0x00000000010c84a4        0x0 c:/altera/16.0/nios2eds/bin/gnu/h-x86_64-mingw32/bin/../lib/gcc/nios2-elf/5.2.0/../../../../../H-x86_64-mingw32/nios2-elf/lib\libsmallc.a(lib_a-strlen.o)
 .bss           0x00000000010c84a4        0x0 c:/altera/16.0/nios2eds/bin/gnu/h-x86_64-mingw32/bin/../lib/gcc/nios2-elf/5.2.0/../../../../../H-x86_64-mingw32/nios2-elf/lib\libsmallc.a(lib_a-vsprintf.o)
 .bss           0x00000000010c84a4        0x0 c:/altera/16.0/nios2eds/bin/gnu/h-x86_64-mingw32/bin/../lib/gcc/nios2-elf/5.2.0/../../../../../H-x86_64-mingw32/nios2-elf/lib\libsmallc.a(lib_a-fvwrite_small_dev.o)
 .bss           0x00000000010c84a4        0x0 c:/altera/16.0/nios2eds/bin/gnu/h-x86_64-mingw32/bin/../lib/gcc/nios2-elf/5.2.0/../../../../../H-x86_64-mingw32/nios2-elf/lib\libsmallc.a(lib_a-fvwrite_small_str.o)
 .bss           0x00000000010c84a4        0x0 c:/altera/16.0/nios2eds/bin/gnu/h-x86_64-mingw32/bin/../lib/gcc/nios2-elf/5.2.0/../../../../../H-x86_64-mingw32/nios2-elf/lib\libsmallc.a(lib_a-impure.o)
 .bss           0x00000000010c84a4        0x0 c:/altera/16.0/nios2eds/bin/gnu/h-x86_64-mingw32/bin/../lib/gcc/nios2-elf/5.2.0/../../../../../H-x86_64-mingw32/nios2-elf/lib\libsmallc.a(lib_a-memmove.o)
 .bss           0x00000000010c84a4        0x0 c:/altera/16.0/nios2eds/bin/gnu/h-x86_64-mingw32/bin/../lib/gcc/nios2-elf/5.2.0/../../../../../H-x86_64-mingw32/nios2-elf/lib\libsmallc.a(lib_a-svfprintf.o)
 .bss           0x00000000010c84a4        0x0 c:/altera/16.0/nios2eds/bin/gnu/h-x86_64-mingw32/bin/../lib/gcc/nios2-elf/5.2.0/../../../../../H-x86_64-mingw32/nios2-elf/lib\libsmallc.a(lib_a-writer.o)
 .bss           0x00000000010c84a4        0x0 c:/altera/16.0/nios2eds/bin/gnu/h-x86_64-mingw32/bin/../lib/gcc/nios2-elf/5.2.0/../../../../../H-x86_64-mingw32/nios2-elf/lib\libsmallc.a(lib_a-int_errno.o)
 .bss           0x00000000010c84a4        0x0 c:/altera/16.0/nios2eds/bin/gnu/h-x86_64-mingw32/bin/../lib/gcc/nios2-elf/5.2.0\libgcc.a(lib2-divmod.o)
 .bss           0x00000000010c84a4        0x0 ../freertos_niosII_software_bsp/\libhal_bsp.a(alt_irq_handler.o)
 .bss           0x00000000010c84a4        0x0 ../freertos_niosII_software_bsp/\libhal_bsp.a(alt_irq_vars.o)
 .bss           0x00000000010c84a4        0x0 ../freertos_niosII_software_bsp/\libhal_bsp.a(alt_load.o)
 .bss           0x00000000010c84a4        0x0 ../freertos_niosII_software_bsp/\libhal_bsp.a(alt_main.o)
 .bss           0x00000000010c84a4        0x0 ../freertos_niosII_software_bsp/\libhal_bsp.a(alt_putstr.o)
 .bss           0x00000000010c84a4        0x0 ../freertos_niosII_software_bsp/\libhal_bsp.a(alt_write.o)
 .bss           0x00000000010c84a4        0x0 ../freertos_niosII_software_bsp/\libhal_bsp.a(alt_sys_init.o)
 .bss           0x00000000010c84a4        0x0 ../freertos_niosII_software_bsp/\libhal_bsp.a(altera_avalon_jtag_uart_fd.o)
 .bss           0x00000000010c84a4        0x0 ../freertos_niosII_software_bsp/\libhal_bsp.a(altera_avalon_jtag_uart_init.o)
 .bss           0x00000000010c84a4        0x0 ../freertos_niosII_software_bsp/\libhal_bsp.a(altera_avalon_jtag_uart_ioctl.o)
 .bss           0x00000000010c84a4        0x0 ../freertos_niosII_software_bsp/\libhal_bsp.a(altera_avalon_jtag_uart_read.o)
 .bss           0x00000000010c84a4        0x0 ../freertos_niosII_software_bsp/\libhal_bsp.a(altera_avalon_jtag_uart_write.o)
 .bss           0x00000000010c84a4        0x0 ../freertos_niosII_software_bsp/\libhal_bsp.a(alt_alarm_start.o)
 .bss           0x00000000010c84a4        0x0 ../freertos_niosII_software_bsp/\libhal_bsp.a(alt_close.o)
 .bss           0x00000000010c84a4        0x0 ../freertos_niosII_software_bsp/\libhal_bsp.a(alt_dcache_flush_all.o)
 .bss           0x00000000010c84a4        0x0 ../freertos_niosII_software_bsp/\libhal_bsp.a(alt_dev.o)
 .bss           0x00000000010c84a4        0x0 ../freertos_niosII_software_bsp/\libhal_bsp.a(alt_dev_llist_insert.o)
 .bss           0x00000000010c84a4        0x0 ../freertos_niosII_software_bsp/\libhal_bsp.a(alt_errno.o)
 .bss           0x00000000010c84a4        0x0 ../freertos_niosII_software_bsp/\libhal_bsp.a(alt_icache_flush_all.o)
 .bss           0x00000000010c84a4        0x0 ../freertos_niosII_software_bsp/\libhal_bsp.a(alt_io_redirect.o)
 .bss           0x00000000010c84a4        0x0 ../freertos_niosII_software_bsp/\libhal_bsp.a(alt_open.o)
 .bss           0x00000000010c84a4        0x0 ../freertos_niosII_software_bsp/\libhal_bsp.a(alt_release_fd.o)
 .bss           0x00000000010c84a4        0x0 ../freertos_niosII_software_bsp/\libhal_bsp.a(alt_tick.o)
 .bss           0x00000000010c84a4        0x0 ../freertos_niosII_software_bsp/\libhal_bsp.a(altera_nios2_gen2_irq.o)
 .bss           0x00000000010c84a4        0x0 ../freertos_niosII_software_bsp/\libhal_bsp.a(alt_find_dev.o)
 .bss           0x00000000010c84a4        0x0 ../freertos_niosII_software_bsp/\libhal_bsp.a(alt_find_file.o)
 .bss           0x00000000010c84a4        0x0 ../freertos_niosII_software_bsp/\libhal_bsp.a(alt_get_fd.o)
 .bss           0x00000000010c84a4        0x0 ../freertos_niosII_software_bsp/\libhal_bsp.a(alt_icache_flush.o)
 .bss           0x00000000010c84a4        0x0 c:/altera/16.0/nios2eds/bin/gnu/h-x86_64-mingw32/bin/../lib/gcc/nios2-elf/5.2.0/../../../../../H-x86_64-mingw32/nios2-elf/lib\libsmallc.a(lib_a-exit.o)
 .bss           0x00000000010c84a4        0x0 c:/altera/16.0/nios2eds/bin/gnu/h-x86_64-mingw32/bin/../lib/gcc/nios2-elf/5.2.0/../../../../../H-x86_64-mingw32/nios2-elf/lib\libsmallc.a(lib_a-fputs.o)
 .bss           0x00000000010c84a4        0x0 c:/altera/16.0/nios2eds/bin/gnu/h-x86_64-mingw32/bin/../lib/gcc/nios2-elf/5.2.0/../../../../../H-x86_64-mingw32/nios2-elf/lib\libsmallc.a(lib_a-memcmp.o)
 .bss           0x00000000010c84a4        0x0 c:/altera/16.0/nios2eds/bin/gnu/h-x86_64-mingw32/bin/../lib/gcc/nios2-elf/5.2.0/../../../../../H-x86_64-mingw32/nios2-elf/lib\libsmallc.a(lib_a-__call_atexit.o)
 .bss           0x00000000010c84a4        0x0 ../freertos_niosII_software_bsp/\libhal_bsp.a(alt_exit.o)
 *(COMMON)
 COMMON         0x00000000010c84a4      0x100 ../freertos_niosII_software_bsp/\libhal_bsp.a(alt_irq_handler.o)
                0x00000000010c84a4                alt_irq
                0x00000000010c85a4                . = ALIGN (0x4)
                0x00000000010c85a4                __bss_end = ABSOLUTE (.)

.sdram          0x0000000000800254        0x0 load address 0x00000000010c85a4
                [!provide]                        PROVIDE (_alt_partition_sdram_start, ABSOLUTE (.))
 *(.sdram .sdram. sdram.*)
                0x0000000000800254                . = ALIGN (0x4)
                [!provide]                        PROVIDE (_alt_partition_sdram_end, ABSOLUTE (.))
                [!provide]                        PROVIDE (_alt_partition_sdram_load_addr, LOADADDR (.sdram))

.onchip_memory2_0
                0x00000000010c85a4        0x0
                [!provide]                        PROVIDE (_alt_partition_onchip_memory2_0_start, ABSOLUTE (.))
 *(.onchip_memory2_0 .onchip_memory2_0. onchip_memory2_0.*)
                0x00000000010c85a4                . = ALIGN (0x4)
                [!provide]                        PROVIDE (_alt_partition_onchip_memory2_0_end, ABSOLUTE (.))
                0x00000000010c85a4                _end = ABSOLUTE (.)
                0x00000000010c85a4                end = ABSOLUTE (.)
                0x00000000010c85a4                __alt_stack_base = ABSOLUTE (.)
                [!provide]                        PROVIDE (_alt_partition_onchip_memory2_0_load_addr, LOADADDR (.onchip_memory2_0))

.stab
 *(.stab)

.stabstr
 *(.stabstr)

.stab.excl
 *(.stab.excl)

.stab.exclstr
 *(.stab.exclstr)

.stab.index
 *(.stab.index)

.stab.indexstr
 *(.stab.indexstr)

.comment        0x0000000000000000       0x23
 *(.comment)
 .comment       0x0000000000000000       0x23 obj/default/Source/croutine.o
                                         0x24 (size before relaxing)
 .comment       0x0000000000000023       0x24 obj/default/Source/event_groups.o
 .comment       0x0000000000000023       0x24 obj/default/Source/list.o
 .comment       0x0000000000000023       0x24 obj/default/Source/portable/GCC/NiosII/port.o
 .comment       0x0000000000000023       0x24 obj/default/Source/portable/MemMang/heap_1.o
 .comment       0x0000000000000023       0x24 obj/default/Source/queue.o
 .comment       0x0000000000000023       0x24 obj/default/Source/stream_buffer.o
 .comment       0x0000000000000023       0x24 obj/default/Source/tasks.o
 .comment       0x0000000000000023       0x24 obj/default/Source/timers.o
 .comment       0x0000000000000023       0x24 obj/default/main.o
 .comment       0x0000000000000023       0x24 c:/altera/16.0/nios2eds/bin/gnu/h-x86_64-mingw32/bin/../lib/gcc/nios2-elf/5.2.0/../../../../../H-x86_64-mingw32/nios2-elf/lib\libsmallc.a(lib_a-memcpy.o)
 .comment       0x0000000000000023       0x24 c:/altera/16.0/nios2eds/bin/gnu/h-x86_64-mingw32/bin/../lib/gcc/nios2-elf/5.2.0/../../../../../H-x86_64-mingw32/nios2-elf/lib\libsmallc.a(lib_a-memset.o)
 .comment       0x0000000000000023       0x24 c:/altera/16.0/nios2eds/bin/gnu/h-x86_64-mingw32/bin/../lib/gcc/nios2-elf/5.2.0/../../../../../H-x86_64-mingw32/nios2-elf/lib\libsmallc.a(lib_a-puts.o)
 .comment       0x0000000000000023       0x24 c:/altera/16.0/nios2eds/bin/gnu/h-x86_64-mingw32/bin/../lib/gcc/nios2-elf/5.2.0/../../../../../H-x86_64-mingw32/nios2-elf/lib\libsmallc.a(lib_a-strlen.o)
 .comment       0x0000000000000023       0x24 c:/altera/16.0/nios2eds/bin/gnu/h-x86_64-mingw32/bin/../lib/gcc/nios2-elf/5.2.0/../../../../../H-x86_64-mingw32/nios2-elf/lib\libsmallc.a(lib_a-vsprintf.o)
 .comment       0x0000000000000023       0x24 c:/altera/16.0/nios2eds/bin/gnu/h-x86_64-mingw32/bin/../lib/gcc/nios2-elf/5.2.0/../../../../../H-x86_64-mingw32/nios2-elf/lib\libsmallc.a(lib_a-fvwrite_small_dev.o)
 .comment       0x0000000000000023       0x24 c:/altera/16.0/nios2eds/bin/gnu/h-x86_64-mingw32/bin/../lib/gcc/nios2-elf/5.2.0/../../../../../H-x86_64-mingw32/nios2-elf/lib\libsmallc.a(lib_a-fvwrite_small_str.o)
 .comment       0x0000000000000023       0x24 c:/altera/16.0/nios2eds/bin/gnu/h-x86_64-mingw32/bin/../lib/gcc/nios2-elf/5.2.0/../../../../../H-x86_64-mingw32/nios2-elf/lib\libsmallc.a(lib_a-impure.o)
 .comment       0x0000000000000023       0x24 c:/altera/16.0/nios2eds/bin/gnu/h-x86_64-mingw32/bin/../lib/gcc/nios2-elf/5.2.0/../../../../../H-x86_64-mingw32/nios2-elf/lib\libsmallc.a(lib_a-memmove.o)
 .comment       0x0000000000000023       0x24 c:/altera/16.0/nios2eds/bin/gnu/h-x86_64-mingw32/bin/../lib/gcc/nios2-elf/5.2.0/../../../../../H-x86_64-mingw32/nios2-elf/lib\libsmallc.a(lib_a-svfprintf.o)
 .comment       0x0000000000000023       0x24 c:/altera/16.0/nios2eds/bin/gnu/h-x86_64-mingw32/bin/../lib/gcc/nios2-elf/5.2.0/../../../../../H-x86_64-mingw32/nios2-elf/lib\libsmallc.a(lib_a-writer.o)
 .comment       0x0000000000000023       0x24 c:/altera/16.0/nios2eds/bin/gnu/h-x86_64-mingw32/bin/../lib/gcc/nios2-elf/5.2.0/../../../../../H-x86_64-mingw32/nios2-elf/lib\libsmallc.a(lib_a-int_errno.o)
 .comment       0x0000000000000023       0x24 c:/altera/16.0/nios2eds/bin/gnu/h-x86_64-mingw32/bin/../lib/gcc/nios2-elf/5.2.0\libgcc.a(lib2-divmod.o)
 .comment       0x0000000000000023       0x24 ../freertos_niosII_software_bsp/\libhal_bsp.a(alt_irq_handler.o)
 .comment       0x0000000000000023       0x24 ../freertos_niosII_software_bsp/\libhal_bsp.a(alt_irq_vars.o)
 .comment       0x0000000000000023       0x24 ../freertos_niosII_software_bsp/\libhal_bsp.a(alt_load.o)
 .comment       0x0000000000000023       0x24 ../freertos_niosII_software_bsp/\libhal_bsp.a(alt_main.o)
 .comment       0x0000000000000023       0x24 ../freertos_niosII_software_bsp/\libhal_bsp.a(alt_putstr.o)
 .comment       0x0000000000000023       0x24 ../freertos_niosII_software_bsp/\libhal_bsp.a(alt_write.o)
 .comment       0x0000000000000023       0x24 ../freertos_niosII_software_bsp/\libhal_bsp.a(alt_sys_init.o)
 .comment       0x0000000000000023       0x24 ../freertos_niosII_software_bsp/\libhal_bsp.a(altera_avalon_jtag_uart_fd.o)
 .comment       0x0000000000000023       0x24 ../freertos_niosII_software_bsp/\libhal_bsp.a(altera_avalon_jtag_uart_init.o)
 .comment       0x0000000000000023       0x24 ../freertos_niosII_software_bsp/\libhal_bsp.a(altera_avalon_jtag_uart_ioctl.o)
 .comment       0x0000000000000023       0x24 ../freertos_niosII_software_bsp/\libhal_bsp.a(altera_avalon_jtag_uart_read.o)
 .comment       0x0000000000000023       0x24 ../freertos_niosII_software_bsp/\libhal_bsp.a(altera_avalon_jtag_uart_write.o)
 .comment       0x0000000000000023       0x24 ../freertos_niosII_software_bsp/\libhal_bsp.a(alt_alarm_start.o)
 .comment       0x0000000000000023       0x24 ../freertos_niosII_software_bsp/\libhal_bsp.a(alt_close.o)
 .comment       0x0000000000000023       0x24 ../freertos_niosII_software_bsp/\libhal_bsp.a(alt_dcache_flush_all.o)
 .comment       0x0000000000000023       0x24 ../freertos_niosII_software_bsp/\libhal_bsp.a(alt_dev.o)
 .comment       0x0000000000000023       0x24 ../freertos_niosII_software_bsp/\libhal_bsp.a(alt_dev_llist_insert.o)
 .comment       0x0000000000000023       0x24 ../freertos_niosII_software_bsp/\libhal_bsp.a(alt_errno.o)
 .comment       0x0000000000000023       0x24 ../freertos_niosII_software_bsp/\libhal_bsp.a(alt_icache_flush_all.o)
 .comment       0x0000000000000023       0x24 ../freertos_niosII_software_bsp/\libhal_bsp.a(alt_io_redirect.o)
 .comment       0x0000000000000023       0x24 ../freertos_niosII_software_bsp/\libhal_bsp.a(alt_open.o)
 .comment       0x0000000000000023       0x24 ../freertos_niosII_software_bsp/\libhal_bsp.a(alt_release_fd.o)
 .comment       0x0000000000000023       0x24 ../freertos_niosII_software_bsp/\libhal_bsp.a(alt_tick.o)
 .comment       0x0000000000000023       0x24 ../freertos_niosII_software_bsp/\libhal_bsp.a(altera_nios2_gen2_irq.o)
 .comment       0x0000000000000023       0x24 ../freertos_niosII_software_bsp/\libhal_bsp.a(alt_find_dev.o)
 .comment       0x0000000000000023       0x24 ../freertos_niosII_software_bsp/\libhal_bsp.a(alt_find_file.o)
 .comment       0x0000000000000023       0x24 ../freertos_niosII_software_bsp/\libhal_bsp.a(alt_get_fd.o)
 .comment       0x0000000000000023       0x24 ../freertos_niosII_software_bsp/\libhal_bsp.a(alt_icache_flush.o)
 .comment       0x0000000000000023       0x24 c:/altera/16.0/nios2eds/bin/gnu/h-x86_64-mingw32/bin/../lib/gcc/nios2-elf/5.2.0/../../../../../H-x86_64-mingw32/nios2-elf/lib\libsmallc.a(lib_a-exit.o)
 .comment       0x0000000000000023       0x24 c:/altera/16.0/nios2eds/bin/gnu/h-x86_64-mingw32/bin/../lib/gcc/nios2-elf/5.2.0/../../../../../H-x86_64-mingw32/nios2-elf/lib\libsmallc.a(lib_a-fputs.o)
 .comment       0x0000000000000023       0x24 c:/altera/16.0/nios2eds/bin/gnu/h-x86_64-mingw32/bin/../lib/gcc/nios2-elf/5.2.0/../../../../../H-x86_64-mingw32/nios2-elf/lib\libsmallc.a(lib_a-memcmp.o)
 .comment       0x0000000000000023       0x24 c:/altera/16.0/nios2eds/bin/gnu/h-x86_64-mingw32/bin/../lib/gcc/nios2-elf/5.2.0/../../../../../H-x86_64-mingw32/nios2-elf/lib\libsmallc.a(lib_a-__call_atexit.o)
 .comment       0x0000000000000023       0x24 ../freertos_niosII_software_bsp/\libhal_bsp.a(alt_exit.o)

.debug
 *(.debug)

.line
 *(.line)

.debug_srcinfo
 *(.debug_srcinfo)

.debug_sfnames
 *(.debug_sfnames)

.debug_aranges  0x0000000000000000      0x758
 *(.debug_aranges)
 .debug_aranges
                0x0000000000000000       0x28 ../freertos_niosII_software_bsp//obj/HAL/src/crt0.o
 .debug_aranges
                0x0000000000000028       0x18 obj/default/Source/croutine.o
 .debug_aranges
                0x0000000000000040       0x20 obj/default/Source/event_groups.o
 .debug_aranges
                0x0000000000000060       0x20 obj/default/Source/list.o
 .debug_aranges
                0x0000000000000080       0x20 obj/default/Source/portable/GCC/NiosII/port.o
 .debug_aranges
                0x00000000000000a0       0x20 obj/default/Source/portable/MemMang/heap_1.o
 .debug_aranges
                0x00000000000000c0       0x20 obj/default/Source/queue.o
 .debug_aranges
                0x00000000000000e0       0x20 obj/default/Source/stream_buffer.o
 .debug_aranges
                0x0000000000000100       0x20 obj/default/Source/tasks.o
 .debug_aranges
                0x0000000000000120       0x18 obj/default/Source/timers.o
 .debug_aranges
                0x0000000000000138       0x20 obj/default/main.o
 .debug_aranges
                0x0000000000000158       0x40 obj/default/Source/portable/GCC/NiosII/port_asm.o
 .debug_aranges
                0x0000000000000198       0x20 c:/altera/16.0/nios2eds/bin/gnu/h-x86_64-mingw32/bin/../lib/gcc/nios2-elf/5.2.0/../../../../../H-x86_64-mingw32/nios2-elf/lib\libsmallc.a(lib_a-memcpy.o)
 .debug_aranges
                0x00000000000001b8       0x20 c:/altera/16.0/nios2eds/bin/gnu/h-x86_64-mingw32/bin/../lib/gcc/nios2-elf/5.2.0/../../../../../H-x86_64-mingw32/nios2-elf/lib\libsmallc.a(lib_a-memset.o)
 .debug_aranges
                0x00000000000001d8       0x28 c:/altera/16.0/nios2eds/bin/gnu/h-x86_64-mingw32/bin/../lib/gcc/nios2-elf/5.2.0/../../../../../H-x86_64-mingw32/nios2-elf/lib\libsmallc.a(lib_a-puts.o)
 .debug_aranges
                0x0000000000000200       0x20 c:/altera/16.0/nios2eds/bin/gnu/h-x86_64-mingw32/bin/../lib/gcc/nios2-elf/5.2.0/../../../../../H-x86_64-mingw32/nios2-elf/lib\libsmallc.a(lib_a-strlen.o)
 .debug_aranges
                0x0000000000000220       0x28 c:/altera/16.0/nios2eds/bin/gnu/h-x86_64-mingw32/bin/../lib/gcc/nios2-elf/5.2.0/../../../../../H-x86_64-mingw32/nios2-elf/lib\libsmallc.a(lib_a-vsprintf.o)
 .debug_aranges
                0x0000000000000248       0x20 c:/altera/16.0/nios2eds/bin/gnu/h-x86_64-mingw32/bin/../lib/gcc/nios2-elf/5.2.0/../../../../../H-x86_64-mingw32/nios2-elf/lib\libsmallc.a(lib_a-fvwrite_small_dev.o)
 .debug_aranges
                0x0000000000000268       0x20 c:/altera/16.0/nios2eds/bin/gnu/h-x86_64-mingw32/bin/../lib/gcc/nios2-elf/5.2.0/../../../../../H-x86_64-mingw32/nios2-elf/lib\libsmallc.a(lib_a-fvwrite_small_str.o)
 .debug_aranges
                0x0000000000000288       0x18 c:/altera/16.0/nios2eds/bin/gnu/h-x86_64-mingw32/bin/../lib/gcc/nios2-elf/5.2.0/../../../../../H-x86_64-mingw32/nios2-elf/lib\libsmallc.a(lib_a-impure.o)
 .debug_aranges
                0x00000000000002a0       0x20 c:/altera/16.0/nios2eds/bin/gnu/h-x86_64-mingw32/bin/../lib/gcc/nios2-elf/5.2.0/../../../../../H-x86_64-mingw32/nios2-elf/lib\libsmallc.a(lib_a-memmove.o)
 .debug_aranges
                0x00000000000002c0       0x30 c:/altera/16.0/nios2eds/bin/gnu/h-x86_64-mingw32/bin/../lib/gcc/nios2-elf/5.2.0/../../../../../H-x86_64-mingw32/nios2-elf/lib\libsmallc.a(lib_a-svfprintf.o)
 .debug_aranges
                0x00000000000002f0       0x20 c:/altera/16.0/nios2eds/bin/gnu/h-x86_64-mingw32/bin/../lib/gcc/nios2-elf/5.2.0/../../../../../H-x86_64-mingw32/nios2-elf/lib\libsmallc.a(lib_a-writer.o)
 .debug_aranges
                0x0000000000000310       0x18 c:/altera/16.0/nios2eds/bin/gnu/h-x86_64-mingw32/bin/../lib/gcc/nios2-elf/5.2.0/../../../../../H-x86_64-mingw32/nios2-elf/lib\libsmallc.a(lib_a-int_errno.o)
 .debug_aranges
                0x0000000000000328       0x20 c:/altera/16.0/nios2eds/bin/gnu/h-x86_64-mingw32/bin/../lib/gcc/nios2-elf/5.2.0\libgcc.a(lib2-divmod.o)
 .debug_aranges
                0x0000000000000348       0x20 ../freertos_niosII_software_bsp/\libhal_bsp.a(alt_irq_handler.o)
 .debug_aranges
                0x0000000000000368       0x18 ../freertos_niosII_software_bsp/\libhal_bsp.a(alt_irq_vars.o)
 .debug_aranges
                0x0000000000000380       0x20 ../freertos_niosII_software_bsp/\libhal_bsp.a(alt_load.o)
 .debug_aranges
                0x00000000000003a0       0x20 ../freertos_niosII_software_bsp/\libhal_bsp.a(alt_main.o)
 .debug_aranges
                0x00000000000003c0       0x20 ../freertos_niosII_software_bsp/\libhal_bsp.a(alt_putstr.o)
 .debug_aranges
                0x00000000000003e0       0x20 ../freertos_niosII_software_bsp/\libhal_bsp.a(alt_write.o)
 .debug_aranges
                0x0000000000000400       0x20 ../freertos_niosII_software_bsp/\libhal_bsp.a(alt_sys_init.o)
 .debug_aranges
                0x0000000000000420       0x20 ../freertos_niosII_software_bsp/\libhal_bsp.a(altera_avalon_jtag_uart_fd.o)
 .debug_aranges
                0x0000000000000440       0x20 ../freertos_niosII_software_bsp/\libhal_bsp.a(altera_avalon_jtag_uart_init.o)
 .debug_aranges
                0x0000000000000460       0x20 ../freertos_niosII_software_bsp/\libhal_bsp.a(altera_avalon_jtag_uart_ioctl.o)
 .debug_aranges
                0x0000000000000480       0x20 ../freertos_niosII_software_bsp/\libhal_bsp.a(altera_avalon_jtag_uart_read.o)
 .debug_aranges
                0x00000000000004a0       0x20 ../freertos_niosII_software_bsp/\libhal_bsp.a(altera_avalon_jtag_uart_write.o)
 .debug_aranges
                0x00000000000004c0       0x20 ../freertos_niosII_software_bsp/\libhal_bsp.a(alt_alarm_start.o)
 .debug_aranges
                0x00000000000004e0       0x20 ../freertos_niosII_software_bsp/\libhal_bsp.a(alt_close.o)
 .debug_aranges
                0x0000000000000500       0x20 ../freertos_niosII_software_bsp/\libhal_bsp.a(alt_dcache_flush_all.o)
 .debug_aranges
                0x0000000000000520       0x20 ../freertos_niosII_software_bsp/\libhal_bsp.a(alt_dev.o)
 .debug_aranges
                0x0000000000000540       0x20 ../freertos_niosII_software_bsp/\libhal_bsp.a(alt_dev_llist_insert.o)
 .debug_aranges
                0x0000000000000560       0x18 ../freertos_niosII_software_bsp/\libhal_bsp.a(alt_errno.o)
 .debug_aranges
                0x0000000000000578       0x20 ../freertos_niosII_software_bsp/\libhal_bsp.a(alt_icache_flush_all.o)
 .debug_aranges
                0x0000000000000598       0x20 ../freertos_niosII_software_bsp/\libhal_bsp.a(alt_io_redirect.o)
 .debug_aranges
                0x00000000000005b8       0x20 ../freertos_niosII_software_bsp/\libhal_bsp.a(alt_open.o)
 .debug_aranges
                0x00000000000005d8       0x20 ../freertos_niosII_software_bsp/\libhal_bsp.a(alt_release_fd.o)
 .debug_aranges
                0x00000000000005f8       0x20 ../freertos_niosII_software_bsp/\libhal_bsp.a(alt_tick.o)
 .debug_aranges
                0x0000000000000618       0x20 ../freertos_niosII_software_bsp/\libhal_bsp.a(altera_nios2_gen2_irq.o)
 .debug_aranges
                0x0000000000000638       0x20 ../freertos_niosII_software_bsp/\libhal_bsp.a(alt_find_dev.o)
 .debug_aranges
                0x0000000000000658       0x20 ../freertos_niosII_software_bsp/\libhal_bsp.a(alt_find_file.o)
 .debug_aranges
                0x0000000000000678       0x20 ../freertos_niosII_software_bsp/\libhal_bsp.a(alt_get_fd.o)
 .debug_aranges
                0x0000000000000698       0x20 ../freertos_niosII_software_bsp/\libhal_bsp.a(alt_icache_flush.o)
 .debug_aranges
                0x00000000000006b8       0x20 c:/altera/16.0/nios2eds/bin/gnu/h-x86_64-mingw32/bin/../lib/gcc/nios2-elf/5.2.0/../../../../../H-x86_64-mingw32/nios2-elf/lib\libsmallc.a(lib_a-exit.o)
 .debug_aranges
                0x00000000000006d8       0x20 c:/altera/16.0/nios2eds/bin/gnu/h-x86_64-mingw32/bin/../lib/gcc/nios2-elf/5.2.0/../../../../../H-x86_64-mingw32/nios2-elf/lib\libsmallc.a(lib_a-fputs.o)
 .debug_aranges
                0x00000000000006f8       0x20 c:/altera/16.0/nios2eds/bin/gnu/h-x86_64-mingw32/bin/../lib/gcc/nios2-elf/5.2.0/../../../../../H-x86_64-mingw32/nios2-elf/lib\libsmallc.a(lib_a-memcmp.o)
 .debug_aranges
                0x0000000000000718       0x20 c:/altera/16.0/nios2eds/bin/gnu/h-x86_64-mingw32/bin/../lib/gcc/nios2-elf/5.2.0/../../../../../H-x86_64-mingw32/nios2-elf/lib\libsmallc.a(lib_a-__call_atexit.o)
 .debug_aranges
                0x0000000000000738       0x20 ../freertos_niosII_software_bsp/\libhal_bsp.a(alt_exit.o)

.debug_pubnames
 *(.debug_pubnames)

.debug_info     0x0000000000000000     0xe0d2
 *(.debug_info .gnu.linkonce.wi.*)
 .debug_info    0x0000000000000000       0xab ../freertos_niosII_software_bsp//obj/HAL/src/crt0.o
 .debug_info    0x00000000000000ab       0x9f obj/default/Source/croutine.o
 .debug_info    0x000000000000014a      0x656 obj/default/Source/event_groups.o
 .debug_info    0x00000000000007a0      0x2d9 obj/default/Source/list.o
 .debug_info    0x0000000000000a79      0x458 obj/default/Source/portable/GCC/NiosII/port.o
 .debug_info    0x0000000000000ed1      0x1ab obj/default/Source/portable/MemMang/heap_1.o
 .debug_info    0x000000000000107c      0xe43 obj/default/Source/queue.o
 .debug_info    0x0000000000001ebf      0xb33 obj/default/Source/stream_buffer.o
 .debug_info    0x00000000000029f2     0x1584 obj/default/Source/tasks.o
 .debug_info    0x0000000000003f76       0x9f obj/default/Source/timers.o
 .debug_info    0x0000000000004015      0x790 obj/default/main.o
 .debug_info    0x00000000000047a5       0xbe obj/default/Source/portable/GCC/NiosII/port_asm.o
 .debug_info    0x0000000000004863      0x119 c:/altera/16.0/nios2eds/bin/gnu/h-x86_64-mingw32/bin/../lib/gcc/nios2-elf/5.2.0/../../../../../H-x86_64-mingw32/nios2-elf/lib\libsmallc.a(lib_a-memcpy.o)
 .debug_info    0x000000000000497c       0xdc c:/altera/16.0/nios2eds/bin/gnu/h-x86_64-mingw32/bin/../lib/gcc/nios2-elf/5.2.0/../../../../../H-x86_64-mingw32/nios2-elf/lib\libsmallc.a(lib_a-memset.o)
 .debug_info    0x0000000000004a58      0x66d c:/altera/16.0/nios2eds/bin/gnu/h-x86_64-mingw32/bin/../lib/gcc/nios2-elf/5.2.0/../../../../../H-x86_64-mingw32/nios2-elf/lib\libsmallc.a(lib_a-puts.o)
 .debug_info    0x00000000000050c5       0xc9 c:/altera/16.0/nios2eds/bin/gnu/h-x86_64-mingw32/bin/../lib/gcc/nios2-elf/5.2.0/../../../../../H-x86_64-mingw32/nios2-elf/lib\libsmallc.a(lib_a-strlen.o)
 .debug_info    0x000000000000518e      0x7a1 c:/altera/16.0/nios2eds/bin/gnu/h-x86_64-mingw32/bin/../lib/gcc/nios2-elf/5.2.0/../../../../../H-x86_64-mingw32/nios2-elf/lib\libsmallc.a(lib_a-vsprintf.o)
 .debug_info    0x000000000000592f      0x62b c:/altera/16.0/nios2eds/bin/gnu/h-x86_64-mingw32/bin/../lib/gcc/nios2-elf/5.2.0/../../../../../H-x86_64-mingw32/nios2-elf/lib\libsmallc.a(lib_a-fvwrite_small_dev.o)
 .debug_info    0x0000000000005f5a      0x700 c:/altera/16.0/nios2eds/bin/gnu/h-x86_64-mingw32/bin/../lib/gcc/nios2-elf/5.2.0/../../../../../H-x86_64-mingw32/nios2-elf/lib\libsmallc.a(lib_a-fvwrite_small_str.o)
 .debug_info    0x000000000000665a      0x5a9 c:/altera/16.0/nios2eds/bin/gnu/h-x86_64-mingw32/bin/../lib/gcc/nios2-elf/5.2.0/../../../../../H-x86_64-mingw32/nios2-elf/lib\libsmallc.a(lib_a-impure.o)
 .debug_info    0x0000000000006c03      0x10b c:/altera/16.0/nios2eds/bin/gnu/h-x86_64-mingw32/bin/../lib/gcc/nios2-elf/5.2.0/../../../../../H-x86_64-mingw32/nios2-elf/lib\libsmallc.a(lib_a-memmove.o)
 .debug_info    0x0000000000006d0e      0xb2b c:/altera/16.0/nios2eds/bin/gnu/h-x86_64-mingw32/bin/../lib/gcc/nios2-elf/5.2.0/../../../../../H-x86_64-mingw32/nios2-elf/lib\libsmallc.a(lib_a-svfprintf.o)
 .debug_info    0x0000000000007839      0x630 c:/altera/16.0/nios2eds/bin/gnu/h-x86_64-mingw32/bin/../lib/gcc/nios2-elf/5.2.0/../../../../../H-x86_64-mingw32/nios2-elf/lib\libsmallc.a(lib_a-writer.o)
 .debug_info    0x0000000000007e69       0x8a c:/altera/16.0/nios2eds/bin/gnu/h-x86_64-mingw32/bin/../lib/gcc/nios2-elf/5.2.0/../../../../../H-x86_64-mingw32/nios2-elf/lib\libsmallc.a(lib_a-int_errno.o)
 .debug_info    0x0000000000007ef3      0x2c3 c:/altera/16.0/nios2eds/bin/gnu/h-x86_64-mingw32/bin/../lib/gcc/nios2-elf/5.2.0\libgcc.a(lib2-divmod.o)
 .debug_info    0x00000000000081b6      0x1a7 ../freertos_niosII_software_bsp/\libhal_bsp.a(alt_irq_handler.o)
 .debug_info    0x000000000000835d       0x88 ../freertos_niosII_software_bsp/\libhal_bsp.a(alt_irq_vars.o)
 .debug_info    0x00000000000083e5      0x145 ../freertos_niosII_software_bsp/\libhal_bsp.a(alt_load.o)
 .debug_info    0x000000000000852a      0x157 ../freertos_niosII_software_bsp/\libhal_bsp.a(alt_main.o)
 .debug_info    0x0000000000008681      0x8a8 ../freertos_niosII_software_bsp/\libhal_bsp.a(alt_putstr.o)
 .debug_info    0x0000000000008f29      0x4b7 ../freertos_niosII_software_bsp/\libhal_bsp.a(alt_write.o)
 .debug_info    0x00000000000093e0      0x4ef ../freertos_niosII_software_bsp/\libhal_bsp.a(alt_sys_init.o)
 .debug_info    0x00000000000098cf      0x52e ../freertos_niosII_software_bsp/\libhal_bsp.a(altera_avalon_jtag_uart_fd.o)
 .debug_info    0x0000000000009dfd      0x3c3 ../freertos_niosII_software_bsp/\libhal_bsp.a(altera_avalon_jtag_uart_init.o)
 .debug_info    0x000000000000a1c0      0x280 ../freertos_niosII_software_bsp/\libhal_bsp.a(altera_avalon_jtag_uart_ioctl.o)
 .debug_info    0x000000000000a440      0x35b ../freertos_niosII_software_bsp/\libhal_bsp.a(altera_avalon_jtag_uart_read.o)
 .debug_info    0x000000000000a79b      0x356 ../freertos_niosII_software_bsp/\libhal_bsp.a(altera_avalon_jtag_uart_write.o)
 .debug_info    0x000000000000aaf1      0x2e2 ../freertos_niosII_software_bsp/\libhal_bsp.a(alt_alarm_start.o)
 .debug_info    0x000000000000add3      0x321 ../freertos_niosII_software_bsp/\libhal_bsp.a(alt_close.o)
 .debug_info    0x000000000000b0f4       0xa5 ../freertos_niosII_software_bsp/\libhal_bsp.a(alt_dcache_flush_all.o)
 .debug_info    0x000000000000b199      0x49c ../freertos_niosII_software_bsp/\libhal_bsp.a(alt_dev.o)
 .debug_info    0x000000000000b635      0x1a9 ../freertos_niosII_software_bsp/\libhal_bsp.a(alt_dev_llist_insert.o)
 .debug_info    0x000000000000b7de       0xa6 ../freertos_niosII_software_bsp/\libhal_bsp.a(alt_errno.o)
 .debug_info    0x000000000000b884       0x92 ../freertos_niosII_software_bsp/\libhal_bsp.a(alt_icache_flush_all.o)
 .debug_info    0x000000000000b916      0x4a5 ../freertos_niosII_software_bsp/\libhal_bsp.a(alt_io_redirect.o)
 .debug_info    0x000000000000bdbb      0x3bb ../freertos_niosII_software_bsp/\libhal_bsp.a(alt_open.o)
 .debug_info    0x000000000000c176      0x2b0 ../freertos_niosII_software_bsp/\libhal_bsp.a(alt_release_fd.o)
 .debug_info    0x000000000000c426      0x2af ../freertos_niosII_software_bsp/\libhal_bsp.a(alt_tick.o)
 .debug_info    0x000000000000c6d5       0xb8 ../freertos_niosII_software_bsp/\libhal_bsp.a(altera_nios2_gen2_irq.o)
 .debug_info    0x000000000000c78d      0x2e9 ../freertos_niosII_software_bsp/\libhal_bsp.a(alt_find_dev.o)
 .debug_info    0x000000000000ca76      0x2e6 ../freertos_niosII_software_bsp/\libhal_bsp.a(alt_find_file.o)
 .debug_info    0x000000000000cd5c      0x310 ../freertos_niosII_software_bsp/\libhal_bsp.a(alt_get_fd.o)
 .debug_info    0x000000000000d06c       0xdc ../freertos_niosII_software_bsp/\libhal_bsp.a(alt_icache_flush.o)
 .debug_info    0x000000000000d148       0xe5 c:/altera/16.0/nios2eds/bin/gnu/h-x86_64-mingw32/bin/../lib/gcc/nios2-elf/5.2.0/../../../../../H-x86_64-mingw32/nios2-elf/lib\libsmallc.a(lib_a-exit.o)
 .debug_info    0x000000000000d22d      0x620 c:/altera/16.0/nios2eds/bin/gnu/h-x86_64-mingw32/bin/../lib/gcc/nios2-elf/5.2.0/../../../../../H-x86_64-mingw32/nios2-elf/lib\libsmallc.a(lib_a-fputs.o)
 .debug_info    0x000000000000d84d       0xf4 c:/altera/16.0/nios2eds/bin/gnu/h-x86_64-mingw32/bin/../lib/gcc/nios2-elf/5.2.0/../../../../../H-x86_64-mingw32/nios2-elf/lib\libsmallc.a(lib_a-memcmp.o)
 .debug_info    0x000000000000d941      0x67b c:/altera/16.0/nios2eds/bin/gnu/h-x86_64-mingw32/bin/../lib/gcc/nios2-elf/5.2.0/../../../../../H-x86_64-mingw32/nios2-elf/lib\libsmallc.a(lib_a-__call_atexit.o)
 .debug_info    0x000000000000dfbc      0x116 ../freertos_niosII_software_bsp/\libhal_bsp.a(alt_exit.o)

.debug_abbrev   0x0000000000000000     0x3fc6
 *(.debug_abbrev)
 .debug_abbrev  0x0000000000000000       0x12 ../freertos_niosII_software_bsp//obj/HAL/src/crt0.o
 .debug_abbrev  0x0000000000000012       0x4b obj/default/Source/croutine.o
 .debug_abbrev  0x000000000000005d      0x151 obj/default/Source/event_groups.o
 .debug_abbrev  0x00000000000001ae       0xd8 obj/default/Source/list.o
 .debug_abbrev  0x0000000000000286      0x21c obj/default/Source/portable/GCC/NiosII/port.o
 .debug_abbrev  0x00000000000004a2      0x106 obj/default/Source/portable/MemMang/heap_1.o
 .debug_abbrev  0x00000000000005a8      0x1b6 obj/default/Source/queue.o
 .debug_abbrev  0x000000000000075e      0x1a9 obj/default/Source/stream_buffer.o
 .debug_abbrev  0x0000000000000907      0x268 obj/default/Source/tasks.o
 .debug_abbrev  0x0000000000000b6f       0x4b obj/default/Source/timers.o
 .debug_abbrev  0x0000000000000bba      0x1e2 obj/default/main.o
 .debug_abbrev  0x0000000000000d9c       0x12 obj/default/Source/portable/GCC/NiosII/port_asm.o
 .debug_abbrev  0x0000000000000dae       0x9c c:/altera/16.0/nios2eds/bin/gnu/h-x86_64-mingw32/bin/../lib/gcc/nios2-elf/5.2.0/../../../../../H-x86_64-mingw32/nios2-elf/lib\libsmallc.a(lib_a-memcpy.o)
 .debug_abbrev  0x0000000000000e4a       0x8e c:/altera/16.0/nios2eds/bin/gnu/h-x86_64-mingw32/bin/../lib/gcc/nios2-elf/5.2.0/../../../../../H-x86_64-mingw32/nios2-elf/lib\libsmallc.a(lib_a-memset.o)
 .debug_abbrev  0x0000000000000ed8      0x1d6 c:/altera/16.0/nios2eds/bin/gnu/h-x86_64-mingw32/bin/../lib/gcc/nios2-elf/5.2.0/../../../../../H-x86_64-mingw32/nios2-elf/lib\libsmallc.a(lib_a-puts.o)
 .debug_abbrev  0x00000000000010ae       0x7f c:/altera/16.0/nios2eds/bin/gnu/h-x86_64-mingw32/bin/../lib/gcc/nios2-elf/5.2.0/../../../../../H-x86_64-mingw32/nios2-elf/lib\libsmallc.a(lib_a-strlen.o)
 .debug_abbrev  0x000000000000112d      0x1f3 c:/altera/16.0/nios2eds/bin/gnu/h-x86_64-mingw32/bin/../lib/gcc/nios2-elf/5.2.0/../../../../../H-x86_64-mingw32/nios2-elf/lib\libsmallc.a(lib_a-vsprintf.o)
 .debug_abbrev  0x0000000000001320      0x1bc c:/altera/16.0/nios2eds/bin/gnu/h-x86_64-mingw32/bin/../lib/gcc/nios2-elf/5.2.0/../../../../../H-x86_64-mingw32/nios2-elf/lib\libsmallc.a(lib_a-fvwrite_small_dev.o)
 .debug_abbrev  0x00000000000014dc      0x1b5 c:/altera/16.0/nios2eds/bin/gnu/h-x86_64-mingw32/bin/../lib/gcc/nios2-elf/5.2.0/../../../../../H-x86_64-mingw32/nios2-elf/lib\libsmallc.a(lib_a-fvwrite_small_str.o)
 .debug_abbrev  0x0000000000001691      0x14a c:/altera/16.0/nios2eds/bin/gnu/h-x86_64-mingw32/bin/../lib/gcc/nios2-elf/5.2.0/../../../../../H-x86_64-mingw32/nios2-elf/lib\libsmallc.a(lib_a-impure.o)
 .debug_abbrev  0x00000000000017db       0x8d c:/altera/16.0/nios2eds/bin/gnu/h-x86_64-mingw32/bin/../lib/gcc/nios2-elf/5.2.0/../../../../../H-x86_64-mingw32/nios2-elf/lib\libsmallc.a(lib_a-memmove.o)
 .debug_abbrev  0x0000000000001868      0x2a1 c:/altera/16.0/nios2eds/bin/gnu/h-x86_64-mingw32/bin/../lib/gcc/nios2-elf/5.2.0/../../../../../H-x86_64-mingw32/nios2-elf/lib\libsmallc.a(lib_a-svfprintf.o)
 .debug_abbrev  0x0000000000001b09      0x1a6 c:/altera/16.0/nios2eds/bin/gnu/h-x86_64-mingw32/bin/../lib/gcc/nios2-elf/5.2.0/../../../../../H-x86_64-mingw32/nios2-elf/lib\libsmallc.a(lib_a-writer.o)
 .debug_abbrev  0x0000000000001caf       0x37 c:/altera/16.0/nios2eds/bin/gnu/h-x86_64-mingw32/bin/../lib/gcc/nios2-elf/5.2.0/../../../../../H-x86_64-mingw32/nios2-elf/lib\libsmallc.a(lib_a-int_errno.o)
 .debug_abbrev  0x0000000000001ce6      0x10e c:/altera/16.0/nios2eds/bin/gnu/h-x86_64-mingw32/bin/../lib/gcc/nios2-elf/5.2.0\libgcc.a(lib2-divmod.o)
 .debug_abbrev  0x0000000000001df4      0x13a ../freertos_niosII_software_bsp/\libhal_bsp.a(alt_irq_handler.o)
 .debug_abbrev  0x0000000000001f2e       0x40 ../freertos_niosII_software_bsp/\libhal_bsp.a(alt_irq_vars.o)
 .debug_abbrev  0x0000000000001f6e       0x9f ../freertos_niosII_software_bsp/\libhal_bsp.a(alt_load.o)
 .debug_abbrev  0x000000000000200d       0xc1 ../freertos_niosII_software_bsp/\libhal_bsp.a(alt_main.o)
 .debug_abbrev  0x00000000000020ce      0x1af ../freertos_niosII_software_bsp/\libhal_bsp.a(alt_putstr.o)
 .debug_abbrev  0x000000000000227d      0x133 ../freertos_niosII_software_bsp/\libhal_bsp.a(alt_write.o)
 .debug_abbrev  0x00000000000023b0      0x187 ../freertos_niosII_software_bsp/\libhal_bsp.a(alt_sys_init.o)
 .debug_abbrev  0x0000000000002537      0x127 ../freertos_niosII_software_bsp/\libhal_bsp.a(altera_avalon_jtag_uart_fd.o)
 .debug_abbrev  0x000000000000265e      0x19e ../freertos_niosII_software_bsp/\libhal_bsp.a(altera_avalon_jtag_uart_init.o)
 .debug_abbrev  0x00000000000027fc      0x111 ../freertos_niosII_software_bsp/\libhal_bsp.a(altera_avalon_jtag_uart_ioctl.o)
 .debug_abbrev  0x000000000000290d      0x1aa ../freertos_niosII_software_bsp/\libhal_bsp.a(altera_avalon_jtag_uart_read.o)
 .debug_abbrev  0x0000000000002ab7      0x1a8 ../freertos_niosII_software_bsp/\libhal_bsp.a(altera_avalon_jtag_uart_write.o)
 .debug_abbrev  0x0000000000002c5f      0x162 ../freertos_niosII_software_bsp/\libhal_bsp.a(alt_alarm_start.o)
 .debug_abbrev  0x0000000000002dc1      0x11f ../freertos_niosII_software_bsp/\libhal_bsp.a(alt_close.o)
 .debug_abbrev  0x0000000000002ee0       0x5a ../freertos_niosII_software_bsp/\libhal_bsp.a(alt_dcache_flush_all.o)
 .debug_abbrev  0x0000000000002f3a       0xd9 ../freertos_niosII_software_bsp/\libhal_bsp.a(alt_dev.o)
 .debug_abbrev  0x0000000000003013      0x114 ../freertos_niosII_software_bsp/\libhal_bsp.a(alt_dev_llist_insert.o)
 .debug_abbrev  0x0000000000003127       0x5a ../freertos_niosII_software_bsp/\libhal_bsp.a(alt_errno.o)
 .debug_abbrev  0x0000000000003181       0x42 ../freertos_niosII_software_bsp/\libhal_bsp.a(alt_icache_flush_all.o)
 .debug_abbrev  0x00000000000031c3      0x114 ../freertos_niosII_software_bsp/\libhal_bsp.a(alt_io_redirect.o)
 .debug_abbrev  0x00000000000032d7      0x148 ../freertos_niosII_software_bsp/\libhal_bsp.a(alt_open.o)
 .debug_abbrev  0x000000000000341f       0xde ../freertos_niosII_software_bsp/\libhal_bsp.a(alt_release_fd.o)
 .debug_abbrev  0x00000000000034fd      0x16b ../freertos_niosII_software_bsp/\libhal_bsp.a(alt_tick.o)
 .debug_abbrev  0x0000000000003668       0x67 ../freertos_niosII_software_bsp/\libhal_bsp.a(altera_nios2_gen2_irq.o)
 .debug_abbrev  0x00000000000036cf       0xf0 ../freertos_niosII_software_bsp/\libhal_bsp.a(alt_find_dev.o)
 .debug_abbrev  0x00000000000037bf       0xf0 ../freertos_niosII_software_bsp/\libhal_bsp.a(alt_find_file.o)
 .debug_abbrev  0x00000000000038af      0x10d ../freertos_niosII_software_bsp/\libhal_bsp.a(alt_get_fd.o)
 .debug_abbrev  0x00000000000039bc       0x8c ../freertos_niosII_software_bsp/\libhal_bsp.a(alt_icache_flush.o)
 .debug_abbrev  0x0000000000003a48       0x8b c:/altera/16.0/nios2eds/bin/gnu/h-x86_64-mingw32/bin/../lib/gcc/nios2-elf/5.2.0/../../../../../H-x86_64-mingw32/nios2-elf/lib\libsmallc.a(lib_a-exit.o)
 .debug_abbrev  0x0000000000003ad3      0x1ae c:/altera/16.0/nios2eds/bin/gnu/h-x86_64-mingw32/bin/../lib/gcc/nios2-elf/5.2.0/../../../../../H-x86_64-mingw32/nios2-elf/lib\libsmallc.a(lib_a-fputs.o)
 .debug_abbrev  0x0000000000003c81       0x7f c:/altera/16.0/nios2eds/bin/gnu/h-x86_64-mingw32/bin/../lib/gcc/nios2-elf/5.2.0/../../../../../H-x86_64-mingw32/nios2-elf/lib\libsmallc.a(lib_a-memcmp.o)
 .debug_abbrev  0x0000000000003d00      0x1f6 c:/altera/16.0/nios2eds/bin/gnu/h-x86_64-mingw32/bin/../lib/gcc/nios2-elf/5.2.0/../../../../../H-x86_64-mingw32/nios2-elf/lib\libsmallc.a(lib_a-__call_atexit.o)
 .debug_abbrev  0x0000000000003ef6       0xd0 ../freertos_niosII_software_bsp/\libhal_bsp.a(alt_exit.o)

.debug_line     0x0000000000000000     0x5884
 *(.debug_line)
 .debug_line    0x0000000000000000       0x72 ../freertos_niosII_software_bsp//obj/HAL/src/crt0.o
 .debug_line    0x0000000000000072       0x97 obj/default/Source/croutine.o
 .debug_line    0x0000000000000109      0x296 obj/default/Source/event_groups.o
 .debug_line    0x000000000000039f      0x1ee obj/default/Source/list.o
 .debug_line    0x000000000000058d      0x2c0 obj/default/Source/portable/GCC/NiosII/port.o
 .debug_line    0x000000000000084d      0x1fd obj/default/Source/portable/MemMang/heap_1.o
 .debug_line    0x0000000000000a4a      0x51b obj/default/Source/queue.o
 .debug_line    0x0000000000000f65      0x3c9 obj/default/Source/stream_buffer.o
 .debug_line    0x000000000000132e      0x8f6 obj/default/Source/tasks.o
 .debug_line    0x0000000000001c24       0x97 obj/default/Source/timers.o
 .debug_line    0x0000000000001cbb      0x3b3 obj/default/main.o
 .debug_line    0x000000000000206e       0xe5 obj/default/Source/portable/GCC/NiosII/port_asm.o
 .debug_line    0x0000000000002153      0x15b c:/altera/16.0/nios2eds/bin/gnu/h-x86_64-mingw32/bin/../lib/gcc/nios2-elf/5.2.0/../../../../../H-x86_64-mingw32/nios2-elf/lib\libsmallc.a(lib_a-memcpy.o)
 .debug_line    0x00000000000022ae      0x15a c:/altera/16.0/nios2eds/bin/gnu/h-x86_64-mingw32/bin/../lib/gcc/nios2-elf/5.2.0/../../../../../H-x86_64-mingw32/nios2-elf/lib\libsmallc.a(lib_a-memset.o)
 .debug_line    0x0000000000002408      0x203 c:/altera/16.0/nios2eds/bin/gnu/h-x86_64-mingw32/bin/../lib/gcc/nios2-elf/5.2.0/../../../../../H-x86_64-mingw32/nios2-elf/lib\libsmallc.a(lib_a-puts.o)
 .debug_line    0x000000000000260b      0x159 c:/altera/16.0/nios2eds/bin/gnu/h-x86_64-mingw32/bin/../lib/gcc/nios2-elf/5.2.0/../../../../../H-x86_64-mingw32/nios2-elf/lib\libsmallc.a(lib_a-strlen.o)
 .debug_line    0x0000000000002764      0x200 c:/altera/16.0/nios2eds/bin/gnu/h-x86_64-mingw32/bin/../lib/gcc/nios2-elf/5.2.0/../../../../../H-x86_64-mingw32/nios2-elf/lib\libsmallc.a(lib_a-vsprintf.o)
 .debug_line    0x0000000000002964      0x1ed c:/altera/16.0/nios2eds/bin/gnu/h-x86_64-mingw32/bin/../lib/gcc/nios2-elf/5.2.0/../../../../../H-x86_64-mingw32/nios2-elf/lib\libsmallc.a(lib_a-fvwrite_small_dev.o)
 .debug_line    0x0000000000002b51      0x1fb c:/altera/16.0/nios2eds/bin/gnu/h-x86_64-mingw32/bin/../lib/gcc/nios2-elf/5.2.0/../../../../../H-x86_64-mingw32/nios2-elf/lib\libsmallc.a(lib_a-fvwrite_small_str.o)
 .debug_line    0x0000000000002d4c      0x153 c:/altera/16.0/nios2eds/bin/gnu/h-x86_64-mingw32/bin/../lib/gcc/nios2-elf/5.2.0/../../../../../H-x86_64-mingw32/nios2-elf/lib\libsmallc.a(lib_a-impure.o)
 .debug_line    0x0000000000002e9f      0x168 c:/altera/16.0/nios2eds/bin/gnu/h-x86_64-mingw32/bin/../lib/gcc/nios2-elf/5.2.0/../../../../../H-x86_64-mingw32/nios2-elf/lib\libsmallc.a(lib_a-memmove.o)
 .debug_line    0x0000000000003007      0x34f c:/altera/16.0/nios2eds/bin/gnu/h-x86_64-mingw32/bin/../lib/gcc/nios2-elf/5.2.0/../../../../../H-x86_64-mingw32/nios2-elf/lib\libsmallc.a(lib_a-svfprintf.o)
 .debug_line    0x0000000000003356      0x1ea c:/altera/16.0/nios2eds/bin/gnu/h-x86_64-mingw32/bin/../lib/gcc/nios2-elf/5.2.0/../../../../../H-x86_64-mingw32/nios2-elf/lib\libsmallc.a(lib_a-writer.o)
 .debug_line    0x0000000000003540       0x5c c:/altera/16.0/nios2eds/bin/gnu/h-x86_64-mingw32/bin/../lib/gcc/nios2-elf/5.2.0/../../../../../H-x86_64-mingw32/nios2-elf/lib\libsmallc.a(lib_a-int_errno.o)
 .debug_line    0x000000000000359c      0x102 c:/altera/16.0/nios2eds/bin/gnu/h-x86_64-mingw32/bin/../lib/gcc/nios2-elf/5.2.0\libgcc.a(lib2-divmod.o)
 .debug_line    0x000000000000369e       0xcd ../freertos_niosII_software_bsp/\libhal_bsp.a(alt_irq_handler.o)
 .debug_line    0x000000000000376b       0x50 ../freertos_niosII_software_bsp/\libhal_bsp.a(alt_irq_vars.o)
 .debug_line    0x00000000000037bb       0x8e ../freertos_niosII_software_bsp/\libhal_bsp.a(alt_load.o)
 .debug_line    0x0000000000003849       0xcb ../freertos_niosII_software_bsp/\libhal_bsp.a(alt_main.o)
 .debug_line    0x0000000000003914      0x10d ../freertos_niosII_software_bsp/\libhal_bsp.a(alt_putstr.o)
 .debug_line    0x0000000000003a21      0x1cc ../freertos_niosII_software_bsp/\libhal_bsp.a(alt_write.o)
 .debug_line    0x0000000000003bed      0x164 ../freertos_niosII_software_bsp/\libhal_bsp.a(alt_sys_init.o)
 .debug_line    0x0000000000003d51      0x12f ../freertos_niosII_software_bsp/\libhal_bsp.a(altera_avalon_jtag_uart_fd.o)
 .debug_line    0x0000000000003e80      0x19f ../freertos_niosII_software_bsp/\libhal_bsp.a(altera_avalon_jtag_uart_init.o)
 .debug_line    0x000000000000401f      0x131 ../freertos_niosII_software_bsp/\libhal_bsp.a(altera_avalon_jtag_uart_ioctl.o)
 .debug_line    0x0000000000004150      0x185 ../freertos_niosII_software_bsp/\libhal_bsp.a(altera_avalon_jtag_uart_read.o)
 .debug_line    0x00000000000042d5      0x184 ../freertos_niosII_software_bsp/\libhal_bsp.a(altera_avalon_jtag_uart_write.o)
 .debug_line    0x0000000000004459      0x10e ../freertos_niosII_software_bsp/\libhal_bsp.a(alt_alarm_start.o)
 .debug_line    0x0000000000004567      0x15e ../freertos_niosII_software_bsp/\libhal_bsp.a(alt_close.o)
 .debug_line    0x00000000000046c5       0x61 ../freertos_niosII_software_bsp/\libhal_bsp.a(alt_dcache_flush_all.o)
 .debug_line    0x0000000000004726       0xf0 ../freertos_niosII_software_bsp/\libhal_bsp.a(alt_dev.o)
 .debug_line    0x0000000000004816       0xd0 ../freertos_niosII_software_bsp/\libhal_bsp.a(alt_dev_llist_insert.o)
 .debug_line    0x00000000000048e6       0x51 ../freertos_niosII_software_bsp/\libhal_bsp.a(alt_errno.o)
 .debug_line    0x0000000000004937       0x50 ../freertos_niosII_software_bsp/\libhal_bsp.a(alt_icache_flush_all.o)
 .debug_line    0x0000000000004987      0x12b ../freertos_niosII_software_bsp/\libhal_bsp.a(alt_io_redirect.o)
 .debug_line    0x0000000000004ab2      0x12a ../freertos_niosII_software_bsp/\libhal_bsp.a(alt_open.o)
 .debug_line    0x0000000000004bdc       0xae ../freertos_niosII_software_bsp/\libhal_bsp.a(alt_release_fd.o)
 .debug_line    0x0000000000004c8a      0x113 ../freertos_niosII_software_bsp/\libhal_bsp.a(alt_tick.o)
 .debug_line    0x0000000000004d9d       0x8d ../freertos_niosII_software_bsp/\libhal_bsp.a(altera_nios2_gen2_irq.o)
 .debug_line    0x0000000000004e2a       0xb5 ../freertos_niosII_software_bsp/\libhal_bsp.a(alt_find_dev.o)
 .debug_line    0x0000000000004edf       0xd1 ../freertos_niosII_software_bsp/\libhal_bsp.a(alt_find_file.o)
 .debug_line    0x0000000000004fb0       0xd5 ../freertos_niosII_software_bsp/\libhal_bsp.a(alt_get_fd.o)
 .debug_line    0x0000000000005085       0x81 ../freertos_niosII_software_bsp/\libhal_bsp.a(alt_icache_flush.o)
 .debug_line    0x0000000000005106      0x156 c:/altera/16.0/nios2eds/bin/gnu/h-x86_64-mingw32/bin/../lib/gcc/nios2-elf/5.2.0/../../../../../H-x86_64-mingw32/nios2-elf/lib\libsmallc.a(lib_a-exit.o)
 .debug_line    0x000000000000525c      0x1ef c:/altera/16.0/nios2eds/bin/gnu/h-x86_64-mingw32/bin/../lib/gcc/nios2-elf/5.2.0/../../../../../H-x86_64-mingw32/nios2-elf/lib\libsmallc.a(lib_a-fputs.o)
 .debug_line    0x000000000000544b      0x15d c:/altera/16.0/nios2eds/bin/gnu/h-x86_64-mingw32/bin/../lib/gcc/nios2-elf/5.2.0/../../../../../H-x86_64-mingw32/nios2-elf/lib\libsmallc.a(lib_a-memcmp.o)
 .debug_line    0x00000000000055a8      0x22f c:/altera/16.0/nios2eds/bin/gnu/h-x86_64-mingw32/bin/../lib/gcc/nios2-elf/5.2.0/../../../../../H-x86_64-mingw32/nios2-elf/lib\libsmallc.a(lib_a-__call_atexit.o)
 .debug_line    0x00000000000057d7       0xad ../freertos_niosII_software_bsp/\libhal_bsp.a(alt_exit.o)

.debug_frame    0x0000000000000000     0x2250
 *(.debug_frame)
 .debug_frame   0x0000000000000000      0x198 obj/default/Source/event_groups.o
 .debug_frame   0x0000000000000198       0xc4 obj/default/Source/list.o
 .debug_frame   0x000000000000025c      0x11c obj/default/Source/portable/GCC/NiosII/port.o
 .debug_frame   0x0000000000000378       0xa4 obj/default/Source/portable/MemMang/heap_1.o
 .debug_frame   0x000000000000041c      0x468 obj/default/Source/queue.o
 .debug_frame   0x0000000000000884      0x348 obj/default/Source/stream_buffer.o
 .debug_frame   0x0000000000000bcc      0x858 obj/default/Source/tasks.o
 .debug_frame   0x0000000000001424      0x294 obj/default/main.o
 .debug_frame   0x00000000000016b8       0x20 c:/altera/16.0/nios2eds/bin/gnu/h-x86_64-mingw32/bin/../lib/gcc/nios2-elf/5.2.0/../../../../../H-x86_64-mingw32/nios2-elf/lib\libsmallc.a(lib_a-memcpy.o)
 .debug_frame   0x00000000000016d8       0x20 c:/altera/16.0/nios2eds/bin/gnu/h-x86_64-mingw32/bin/../lib/gcc/nios2-elf/5.2.0/../../../../../H-x86_64-mingw32/nios2-elf/lib\libsmallc.a(lib_a-memset.o)
 .debug_frame   0x00000000000016f8       0x48 c:/altera/16.0/nios2eds/bin/gnu/h-x86_64-mingw32/bin/../lib/gcc/nios2-elf/5.2.0/../../../../../H-x86_64-mingw32/nios2-elf/lib\libsmallc.a(lib_a-puts.o)
 .debug_frame   0x0000000000001740       0x20 c:/altera/16.0/nios2eds/bin/gnu/h-x86_64-mingw32/bin/../lib/gcc/nios2-elf/5.2.0/../../../../../H-x86_64-mingw32/nios2-elf/lib\libsmallc.a(lib_a-strlen.o)
 .debug_frame   0x0000000000001760       0x3c c:/altera/16.0/nios2eds/bin/gnu/h-x86_64-mingw32/bin/../lib/gcc/nios2-elf/5.2.0/../../../../../H-x86_64-mingw32/nios2-elf/lib\libsmallc.a(lib_a-vsprintf.o)
 .debug_frame   0x000000000000179c       0x58 c:/altera/16.0/nios2eds/bin/gnu/h-x86_64-mingw32/bin/../lib/gcc/nios2-elf/5.2.0/../../../../../H-x86_64-mingw32/nios2-elf/lib\libsmallc.a(lib_a-fvwrite_small_dev.o)
 .debug_frame   0x00000000000017f4       0x44 c:/altera/16.0/nios2eds/bin/gnu/h-x86_64-mingw32/bin/../lib/gcc/nios2-elf/5.2.0/../../../../../H-x86_64-mingw32/nios2-elf/lib\libsmallc.a(lib_a-fvwrite_small_str.o)
 .debug_frame   0x0000000000001838       0x20 c:/altera/16.0/nios2eds/bin/gnu/h-x86_64-mingw32/bin/../lib/gcc/nios2-elf/5.2.0/../../../../../H-x86_64-mingw32/nios2-elf/lib\libsmallc.a(lib_a-memmove.o)
 .debug_frame   0x0000000000001858       0x8c c:/altera/16.0/nios2eds/bin/gnu/h-x86_64-mingw32/bin/../lib/gcc/nios2-elf/5.2.0/../../../../../H-x86_64-mingw32/nios2-elf/lib\libsmallc.a(lib_a-svfprintf.o)